  Determining projects to restore...
  All projects are up-to-date for restore.
  RealmEngine.Shared -> C:\code\console-game\RealmEngine.Shared\bin\Debug\net9.0\RealmEngine.Shared.dll
  RealmEngine.Data -> C:\code\console-game\RealmEngine.Data\bin\Debug\net9.0\RealmEngine.Data.dll
  RealmEngine.Data.Tests -> C:\code\console-game\RealmEngine.Data.Tests\bin\Debug\net9.0\RealmEngine.Data.Tests.dll
Test run for C:\code\console-game\RealmEngine.Data.Tests\bin\Debug\net9.0\RealmEngine.Data.Tests.dll (.NETCoreApp,Version=v9.0)
VSTest version 17.14.1 (x64)

Starting test execution, please wait...
A total of 1 test files matched the specified pattern.
C:\code\console-game\RealmEngine.Data.Tests\bin\Debug\net9.0\RealmEngine.Data.Tests.dll
[xUnit.net 00:00:00.00] xUnit.net VSTest Adapter v3.1.5+1b188a7b0a (64-bit .NET 9.0.11)
[xUnit.net 00:00:00.06]   Discovering: RealmEngine.Data.Tests
[xUnit.net 00:00:01.09]   Discovered:  RealmEngine.Data.Tests
[xUnit.net 00:00:01.12]   Starting:    RealmEngine.Data.Tests
     Warning:
     The component "Fluent Assertions" is governed by the rules defined in the Xceed License Agreement and
     the Xceed Fluent Assertions Community License. You may use Fluent Assertions free of charge for
     non-commercial use only. An active subscription is required to use Fluent Assertions for commercial use.
     Please contact Xceed Sales mailto:sales@xceed.com to acquire a subscription at a very low cost.
     A paid commercial license supports the development and continued increasing support of
     Fluent Assertions users under both commercial and community licenses. Help us
     keep Fluent Assertions at the forefront of unit testing.
     For more information, visit https://xceed.com/products/unit-testing/fluent-assertions/
dotnet : [xUnit.net 00:00:01.40]     RealmEngine.Data.Tests.Services.ReferenceValidationTests.Generate_Full_Reference_Report [FAIL]
At line:1 char:1
+ dotnet test RealmEngine.Data.Tests\RealmEngine.Data.Tests.csproj --fi ...
+ ~~~~~~~~~~~~~~~~~~~~~~~~~~~~~~~~~~~~~~~~~~~~~~~~~~~~~~~~~~~~~~~~~~~~~
    + CategoryInfo          : NotSpecified: ([xUnit.net 00:0...e_Report [FAIL]:String) [], RemoteException
    + FullyQualifiedErrorId : NativeCommandError
 
[xUnit.net 00:00:01.40]       Expected failureCount to be 0 because All 1509 references should resolve successfully. Found 638 failures. See test output for details., but found 638 (difference of 638).
[xUnit.net 00:00:01.40]       Stack Trace:
[xUnit.net 00:00:01.40]            at FluentAssertions.Execution.LateBoundTestFramework.Throw(String message)
[xUnit.net 00:00:01.40]            at FluentAssertions.Execution.DefaultAssertionStrategy.HandleFailure(String message)
[xUnit.net 00:00:01.40]            at FluentAssertions.Execution.AssertionScope.AddPreFormattedFailure(String formattedFailureMessage)
[xUnit.net 00:00:01.40]            at FluentAssertions.Execution.AssertionChain.FailWith(Func`1 getFailureReason)
[xUnit.net 00:00:01.40]            at FluentAssertions.Execution.AssertionChain.FailWith(Func`1 getFailureReason)
[xUnit.net 00:00:01.40]            at FluentAssertions.Execution.AssertionChain.FailWith(String message, Object[] args)
[xUnit.net 00:00:01.40]            at FluentAssertions.Numeric.NumericAssertionsBase`3.Be(T expected, String because, Object[] becauseArgs)
[xUnit.net 00:00:01.40]         C:\code\console-game\RealmEngine.Data.Tests\Services\ReferenceValidationTests.cs(240,0): at RealmEngine.Data.Tests.Services.ReferenceValidationTests.Generate_Full_Reference_Report()
[xUnit.net 00:00:01.40]         --- End of stack trace from previous location ---
[xUnit.net 00:00:01.40]       Output:
[xUnit.net 00:00:01.40]         ΓòÉΓòÉΓòÉΓòÉΓòÉΓòÉΓòÉΓòÉΓòÉΓòÉΓòÉΓòÉΓòÉΓòÉΓòÉΓòÉΓòÉΓòÉΓòÉΓòÉΓòÉΓòÉΓòÉΓòÉΓòÉΓòÉΓòÉΓòÉΓòÉΓòÉΓòÉΓòÉΓòÉΓòÉΓòÉΓòÉΓòÉΓòÉΓòÉΓòÉΓòÉΓòÉΓòÉΓòÉΓòÉΓòÉΓòÉΓòÉΓòÉΓòÉΓòÉΓòÉΓòÉΓòÉΓòÉΓòÉΓòÉΓòÉΓòÉΓòÉΓòÉΓòÉΓòÉΓòÉ
[xUnit.net 00:00:01.40]         COMPLETE REFERENCE VALIDATION REPORT
[xUnit.net 00:00:01.40]         ΓòÉΓòÉΓòÉΓòÉΓòÉΓòÉΓòÉΓòÉΓòÉΓòÉΓòÉΓòÉΓòÉΓòÉΓòÉΓòÉΓòÉΓòÉΓòÉΓòÉΓòÉΓòÉΓòÉΓòÉΓòÉΓòÉΓòÉΓòÉΓòÉΓòÉΓòÉΓòÉΓòÉΓòÉΓòÉΓòÉΓòÉΓòÉΓòÉΓòÉΓòÉΓòÉΓòÉΓòÉΓòÉΓòÉΓòÉΓòÉΓòÉΓòÉΓòÉΓòÉΓòÉΓòÉΓòÉΓòÉΓòÉΓòÉΓòÉΓòÉΓòÉΓòÉΓòÉΓòÉ
[xUnit.net 00:00:01.40]         
[xUnit.net 00:00:01.40]         Total References:     1509
[xUnit.net 00:00:01.40]         Successful:           871 (57.7%)
[xUnit.net 00:00:01.40]         Failed:               638 (42.3%)
[xUnit.net 00:00:01.40]         
[xUnit.net 00:00:01.40]         ΓòÉΓòÉΓòÉΓòÉΓòÉΓòÉΓòÉΓòÉΓòÉΓòÉΓòÉΓòÉΓòÉΓòÉΓòÉΓòÉΓòÉΓòÉΓòÉΓòÉΓòÉΓòÉΓòÉΓòÉΓòÉΓòÉΓòÉΓòÉΓòÉΓòÉΓòÉΓòÉΓòÉΓòÉΓòÉΓòÉΓòÉΓòÉΓòÉΓòÉΓòÉΓòÉΓòÉΓòÉΓòÉΓòÉΓòÉΓòÉΓòÉΓòÉΓòÉΓòÉΓòÉΓòÉΓòÉΓòÉΓòÉΓòÉΓòÉΓòÉΓòÉΓòÉΓòÉΓòÉ
[xUnit.net 00:00:01.40]         FAILED REFERENCES (638 total)
[xUnit.net 00:00:01.40]         ΓòÉΓòÉΓòÉΓòÉΓòÉΓòÉΓòÉΓòÉΓòÉΓòÉΓòÉΓòÉΓòÉΓòÉΓòÉΓòÉΓòÉΓòÉΓòÉΓòÉΓòÉΓòÉΓòÉΓòÉΓòÉΓòÉΓòÉΓòÉΓòÉΓòÉΓòÉΓòÉΓòÉΓòÉΓòÉΓòÉΓòÉΓòÉΓòÉΓòÉΓòÉΓòÉΓòÉΓòÉΓòÉΓòÉΓòÉΓòÉΓòÉΓòÉΓòÉΓòÉΓòÉΓòÉΓòÉΓòÉΓòÉΓòÉΓòÉΓòÉΓòÉΓòÉΓòÉΓòÉ
[xUnit.net 00:00:01.40]         
[xUnit.net 00:00:01.40]         Reference: @abilities/active/defensive:antimagic-cone
[xUnit.net 00:00:01.40]           Occurrences: 1
[xUnit.net 00:00:01.40]             ΓÇó enemies\demons\catalog.json:436
[xUnit.net 00:00:01.40]         
[xUnit.net 00:00:01.40]         Reference: @abilities/active/defensive:bone-shield
[xUnit.net 00:00:01.40]           Occurrences: 1
[xUnit.net 00:00:01.40]             ΓÇó enemies\undead\catalog.json:122
[xUnit.net 00:00:01.40]         
[xUnit.net 00:00:01.40]         Reference: @abilities/active/defensive:fire-aura
[xUnit.net 00:00:01.40]           Occurrences: 5
[xUnit.net 00:00:01.40]             ΓÇó enemies\demons\catalog.json:356
[xUnit.net 00:00:01.40]             ΓÇó enemies\demons\catalog.json:386
[xUnit.net 00:00:01.40]             ΓÇó enemies\elementals\catalog.json:49
[xUnit.net 00:00:01.40]             ΓÇó enemies\elementals\catalog.json:100
[xUnit.net 00:00:01.40]             ΓÇó enemies\insects\catalog.json:203
[xUnit.net 00:00:01.40]         
[xUnit.net 00:00:01.40]         Reference: @abilities/active/defensive:phase
[xUnit.net 00:00:01.40]           Occurrences: 1
[xUnit.net 00:00:01.40]             ΓÇó enemies\insects\catalog.json:78
[xUnit.net 00:00:01.40]         
[xUnit.net 00:00:01.40]         Reference: @abilities/active/defensive:shadow-meld
[xUnit.net 00:00:01.40]           Occurrences: 1
[xUnit.net 00:00:01.40]             ΓÇó enemies\demons\catalog.json:69
[xUnit.net 00:00:01.40]         
[xUnit.net 00:00:01.40]         Reference: @abilities/active/mobility:aerial-dodge
[xUnit.net 00:00:01.40]           Occurrences: 1
[xUnit.net 00:00:01.40]             ΓÇó enemies\insects\catalog.json:320
[xUnit.net 00:00:01.40]         
[xUnit.net 00:00:01.40]         Reference: @abilities/active/mobility:blink
[xUnit.net 00:00:01.40]           Occurrences: 1
[xUnit.net 00:00:01.40]             ΓÇó enemies\insects\catalog.json:82
[xUnit.net 00:00:01.40]         
[xUnit.net 00:00:01.40]         Reference: @abilities/active/mobility:mist-form
[xUnit.net 00:00:01.40]           Occurrences: 6
[xUnit.net 00:00:01.40]             ΓÇó enemies\vampires\catalog.json:141
[xUnit.net 00:00:01.40]             ΓÇó enemies\vampires\catalog.json:222
[xUnit.net 00:00:01.40]             ΓÇó enemies\vampires\catalog.json:268
[xUnit.net 00:00:01.40]             ΓÇó enemies\vampires\catalog.json:297
[xUnit.net 00:00:01.40]             ΓÇó enemies\vampires\catalog.json:327
[xUnit.net 00:00:01.40]             ... and 1 more occurrences
[xUnit.net 00:00:01.40]         
[xUnit.net 00:00:01.40]         Reference: @abilities/active/mobility:stealth
[xUnit.net 00:00:01.40]           Occurrences: 2
[xUnit.net 00:00:01.40]             ΓÇó enemies\beasts\catalog.json:287
[xUnit.net 00:00:01.40]             ΓÇó enemies\reptilians\catalog.json:72
[xUnit.net 00:00:01.40]         
[xUnit.net 00:00:01.40]         Reference: @abilities/active/offensive:acid-spray
[xUnit.net 00:00:01.40]           Occurrences: 2
[xUnit.net 00:00:01.40]             ΓÇó enemies\insects\catalog.json:225
[xUnit.net 00:00:01.40]             ΓÇó enemies\plants\catalog.json:77
[xUnit.net 00:00:01.40]         
[xUnit.net 00:00:01.40]         Reference: @abilities/active/offensive:ambush
[xUnit.net 00:00:01.40]           Occurrences: 2
[xUnit.net 00:00:01.40]             ΓÇó enemies\beasts\catalog.json:290
[xUnit.net 00:00:01.40]             ΓÇó enemies\insects\catalog.json:341
[xUnit.net 00:00:01.40]         
[xUnit.net 00:00:01.40]         Reference: @abilities/active/offensive:banshee-wail
[xUnit.net 00:00:01.40]           Occurrences: 1
[xUnit.net 00:00:01.40]             ΓÇó enemies\undead\catalog.json:301
[xUnit.net 00:00:01.40]         
[xUnit.net 00:00:01.40]         Reference: @abilities/active/offensive:bear-hug
[xUnit.net 00:00:01.40]           Occurrences: 1
[xUnit.net 00:00:01.40]             ΓÇó enemies\beasts\catalog.json:134
[xUnit.net 00:00:01.40]         
[xUnit.net 00:00:01.40]         Reference: @abilities/active/offensive:blood-magic
[xUnit.net 00:00:01.40]           Occurrences: 10
[xUnit.net 00:00:01.40]             ΓÇó enemies\vampires\catalog.json:51
[xUnit.net 00:00:01.40]             ΓÇó enemies\vampires\catalog.json:97
[xUnit.net 00:00:01.40]             ΓÇó enemies\vampires\catalog.json:139
[xUnit.net 00:00:01.40]             ΓÇó enemies\vampires\catalog.json:168
[xUnit.net 00:00:01.40]             ΓÇó enemies\vampires\catalog.json:193
[xUnit.net 00:00:01.40]             ... and 5 more occurrences
[xUnit.net 00:00:01.40]         
[xUnit.net 00:00:01.40]         Reference: @abilities/active/offensive:boulder-toss
[xUnit.net 00:00:01.40]           Occurrences: 1
[xUnit.net 00:00:01.40]             ΓÇó enemies\trolls\catalog.json:91
[xUnit.net 00:00:01.40]         
[xUnit.net 00:00:01.40]         Reference: @abilities/active/offensive:branch-strike
[xUnit.net 00:00:01.40]           Occurrences: 1
[xUnit.net 00:00:01.40]             ΓÇó enemies\plants\catalog.json:336
[xUnit.net 00:00:01.40]         
[xUnit.net 00:00:01.40]         Reference: @abilities/active/offensive:charge
[xUnit.net 00:00:01.40]           Occurrences: 2
[xUnit.net 00:00:01.40]             ΓÇó enemies\beasts\catalog.json:451
[xUnit.net 00:00:01.40]             ΓÇó enemies\insects\catalog.json:177
[xUnit.net 00:00:01.40]         
[xUnit.net 00:00:01.40]         Reference: @abilities/active/offensive:constrict
[xUnit.net 00:00:01.40]           Occurrences: 3
[xUnit.net 00:00:01.40]             ΓÇó enemies\beasts\catalog.json:355
[xUnit.net 00:00:01.40]             ΓÇó enemies\reptilians\catalog.json:306
[xUnit.net 00:00:01.40]             ΓÇó enemies\reptilians\catalog.json:328
[xUnit.net 00:00:01.40]         
[xUnit.net 00:00:01.40]         Reference: @abilities/active/offensive:crush
[xUnit.net 00:00:01.40]           Occurrences: 1
[xUnit.net 00:00:01.40]             ΓÇó enemies\plants\catalog.json:102
[xUnit.net 00:00:01.40]         
[xUnit.net 00:00:01.40]         Reference: @abilities/active/offensive:curse-of-ages
[xUnit.net 00:00:01.40]           Occurrences: 1
[xUnit.net 00:00:01.40]             ΓÇó enemies\undead\catalog.json:411
[xUnit.net 00:00:01.40]         
[xUnit.net 00:00:01.40]         Reference: @abilities/active/offensive:death-roll
[xUnit.net 00:00:01.40]           Occurrences: 1
[xUnit.net 00:00:01.40]             ΓÇó enemies\beasts\catalog.json:380
[xUnit.net 00:00:01.40]         
[xUnit.net 00:00:01.40]         Reference: @abilities/active/offensive:death-song
[xUnit.net 00:00:01.40]           Occurrences: 1
[xUnit.net 00:00:01.40]             ΓÇó enemies\undead\catalog.json:306
[xUnit.net 00:00:01.40]         
[xUnit.net 00:00:01.40]         Reference: @abilities/active/offensive:death-spores
[xUnit.net 00:00:01.40]           Occurrences: 1
[xUnit.net 00:00:01.40]             ΓÇó enemies\plants\catalog.json:314
[xUnit.net 00:00:01.40]         
[xUnit.net 00:00:01.40]         Reference: @abilities/active/offensive:decapitate
[xUnit.net 00:00:01.40]           Occurrences: 1
[xUnit.net 00:00:01.40]             ΓÇó enemies\insects\catalog.json:345
[xUnit.net 00:00:01.40]         
[xUnit.net 00:00:01.40]         Reference: @abilities/active/offensive:devour
[xUnit.net 00:00:01.40]           Occurrences: 1
[xUnit.net 00:00:01.40]             ΓÇó enemies\plants\catalog.json:128
[xUnit.net 00:00:01.40]         
[xUnit.net 00:00:01.40]         Reference: @abilities/active/offensive:disease-cloud
[xUnit.net 00:00:01.40]           Occurrences: 2
[xUnit.net 00:00:01.40]             ΓÇó enemies\undead\catalog.json:86
[xUnit.net 00:00:01.40]             ΓÇó enemies\undead\catalog.json:150
[xUnit.net 00:00:01.40]         
[xUnit.net 00:00:01.40]         Reference: @abilities/active/offensive:disintegration-ray
[xUnit.net 00:00:01.40]           Occurrences: 1
[xUnit.net 00:00:01.40]             ΓÇó enemies\demons\catalog.json:435
[xUnit.net 00:00:01.40]         
[xUnit.net 00:00:01.40]         Reference: @abilities/active/offensive:dive-attack
[xUnit.net 00:00:01.40]           Occurrences: 1
[xUnit.net 00:00:01.40]             ΓÇó enemies\insects\catalog.json:295
[xUnit.net 00:00:01.40]         
[xUnit.net 00:00:01.40]         Reference: @abilities/active/offensive:earthquake-stomp
[xUnit.net 00:00:01.40]           Occurrences: 4
[xUnit.net 00:00:01.40]             ΓÇó enemies\beasts\catalog.json:217
[xUnit.net 00:00:01.40]             ΓÇó enemies\elementals\catalog.json:210
[xUnit.net 00:00:01.40]             ΓÇó enemies\elementals\catalog.json:242
[xUnit.net 00:00:01.40]             ΓÇó enemies\trolls\catalog.json:71
[xUnit.net 00:00:01.40]         
[xUnit.net 00:00:01.40]         Reference: @abilities/active/offensive:engulf
[xUnit.net 00:00:01.40]           Occurrences: 1
[xUnit.net 00:00:01.40]             ΓÇó enemies\plants\catalog.json:260
[xUnit.net 00:00:01.40]         
[xUnit.net 00:00:01.40]         Reference: @abilities/active/offensive:eye-ray
[xUnit.net 00:00:01.40]           Occurrences: 1
[xUnit.net 00:00:01.40]             ΓÇó enemies\demons\catalog.json:434
[xUnit.net 00:00:01.40]         
[xUnit.net 00:00:01.40]         Reference: @abilities/active/offensive:fire-blast
[xUnit.net 00:00:01.40]           Occurrences: 6
[xUnit.net 00:00:01.40]             ΓÇó enemies\demons\catalog.json:48
[xUnit.net 00:00:01.40]             ΓÇó enemies\demons\catalog.json:109
[xUnit.net 00:00:01.40]             ΓÇó enemies\demons\catalog.json:230
[xUnit.net 00:00:01.40]             ΓÇó enemies\demons\catalog.json:325
[xUnit.net 00:00:01.40]             ΓÇó enemies\elementals\catalog.json:45
[xUnit.net 00:00:01.40]             ... and 1 more occurrences
[xUnit.net 00:00:01.40]         
[xUnit.net 00:00:01.40]         Reference: @abilities/active/offensive:fire-breath
[xUnit.net 00:00:01.40]           Occurrences: 2
[xUnit.net 00:00:01.40]             ΓÇó enemies\demons\catalog.json:162
[xUnit.net 00:00:01.40]             ΓÇó enemies\insects\catalog.json:199
[xUnit.net 00:00:01.40]         
[xUnit.net 00:00:01.40]         Reference: @abilities/active/offensive:flame-strike
[xUnit.net 00:00:01.40]           Occurrences: 2
[xUnit.net 00:00:01.40]             ΓÇó enemies\elementals\catalog.json:388
[xUnit.net 00:00:01.40]             ΓÇó enemies\trolls\catalog.json:188
[xUnit.net 00:00:01.40]         
[xUnit.net 00:00:01.40]         Reference: @abilities/active/offensive:flame-whip
[xUnit.net 00:00:01.40]           Occurrences: 2
[xUnit.net 00:00:01.40]             ΓÇó enemies\demons\catalog.json:355
[xUnit.net 00:00:01.40]             ΓÇó enemies\elementals\catalog.json:73
[xUnit.net 00:00:01.40]         
[xUnit.net 00:00:01.40]         Reference: @abilities/active/offensive:frost-bite
[xUnit.net 00:00:01.40]           Occurrences: 1
[xUnit.net 00:00:01.40]             ΓÇó enemies\beasts\catalog.json:86
[xUnit.net 00:00:01.40]         
[xUnit.net 00:00:01.40]         Reference: @abilities/active/offensive:frost-bolt
[xUnit.net 00:00:01.40]           Occurrences: 3
[xUnit.net 00:00:01.40]             ΓÇó enemies\elementals\catalog.json:142
[xUnit.net 00:00:01.40]             ΓÇó enemies\elementals\catalog.json:170
[xUnit.net 00:00:01.40]             ΓÇó enemies\trolls\catalog.json:152
[xUnit.net 00:00:01.40]         
[xUnit.net 00:00:01.40]         Reference: @abilities/active/offensive:gore
[xUnit.net 00:00:01.40]           Occurrences: 1
[xUnit.net 00:00:01.40]             ΓÇó enemies\beasts\catalog.json:450
[xUnit.net 00:00:01.40]         
[xUnit.net 00:00:01.40]         Reference: @abilities/active/offensive:grab
[xUnit.net 00:00:01.40]           Occurrences: 4
[xUnit.net 00:00:01.40]             ΓÇó enemies\beasts\catalog.json:376
[xUnit.net 00:00:01.40]             ΓÇó enemies\plants\catalog.json:98
[xUnit.net 00:00:01.40]             ΓÇó enemies\plants\catalog.json:123
[xUnit.net 00:00:01.40]             ΓÇó enemies\undead\catalog.json:46
[xUnit.net 00:00:01.40]         
[xUnit.net 00:00:01.40]         Reference: @abilities/active/offensive:gust
[xUnit.net 00:00:01.40]           Occurrences: 2
[xUnit.net 00:00:01.40]             ΓÇó enemies\elementals\catalog.json:305
[xUnit.net 00:00:01.40]             ΓÇó enemies\elementals\catalog.json:333
[xUnit.net 00:00:01.40]         
[xUnit.net 00:00:01.40]         Reference: @abilities/active/offensive:hellfire
[xUnit.net 00:00:01.40]           Occurrences: 7
[xUnit.net 00:00:01.40]             ΓÇó enemies\demons\catalog.json:113
[xUnit.net 00:00:01.40]             ΓÇó enemies\demons\catalog.json:235
[xUnit.net 00:00:01.40]             ΓÇó enemies\demons\catalog.json:326
[xUnit.net 00:00:01.40]             ΓÇó enemies\demons\catalog.json:354
[xUnit.net 00:00:01.40]             ΓÇó enemies\demons\catalog.json:384
[xUnit.net 00:00:01.40]             ... and 2 more occurrences
[xUnit.net 00:00:01.40]         
[xUnit.net 00:00:01.40]         Reference: @abilities/active/offensive:ice-breath
[xUnit.net 00:00:01.40]           Occurrences: 2
[xUnit.net 00:00:01.40]             ΓÇó enemies\beasts\catalog.json:91
[xUnit.net 00:00:01.40]             ΓÇó enemies\trolls\catalog.json:157
[xUnit.net 00:00:01.40]         
[xUnit.net 00:00:01.40]         Reference: @abilities/active/offensive:infernal-charge
[xUnit.net 00:00:01.40]           Occurrences: 1
[xUnit.net 00:00:01.40]             ΓÇó enemies\demons\catalog.json:166
[xUnit.net 00:00:01.40]         
[xUnit.net 00:00:01.40]         Reference: @abilities/active/offensive:javelin-throw
[xUnit.net 00:00:01.40]           Occurrences: 1
[xUnit.net 00:00:01.40]             ΓÇó enemies\reptilians\catalog.json:164
[xUnit.net 00:00:01.40]         
[xUnit.net 00:00:01.40]         Reference: @abilities/active/offensive:life-steal
[xUnit.net 00:00:01.40]           Occurrences: 2
[xUnit.net 00:00:01.40]             ΓÇó enemies\undead\catalog.json:192
[xUnit.net 00:00:01.40]             ΓÇó enemies\undead\catalog.json:348
[xUnit.net 00:00:01.40]         
[xUnit.net 00:00:01.40]         Reference: @abilities/active/offensive:mandible-crush
[xUnit.net 00:00:01.40]           Occurrences: 1
[xUnit.net 00:00:01.40]             ΓÇó enemies\insects\catalog.json:408
[xUnit.net 00:00:01.40]         
[xUnit.net 00:00:01.40]         Reference: @abilities/active/offensive:maul
[xUnit.net 00:00:01.40]           Occurrences: 4
[xUnit.net 00:00:01.40]             ΓÇó enemies\beasts\catalog.json:127
[xUnit.net 00:00:01.40]             ΓÇó enemies\beasts\catalog.json:159
[xUnit.net 00:00:01.40]             ΓÇó enemies\beasts\catalog.json:183
[xUnit.net 00:00:01.40]             ΓÇó enemies\beasts\catalog.json:212
[xUnit.net 00:00:01.40]         
[xUnit.net 00:00:01.40]         Reference: @abilities/active/offensive:meteor-strike
[xUnit.net 00:00:01.40]           Occurrences: 2
[xUnit.net 00:00:01.40]             ΓÇó enemies\demons\catalog.json:385
[xUnit.net 00:00:01.40]             ΓÇó enemies\orcs\catalog.json:194
[xUnit.net 00:00:01.40]         
[xUnit.net 00:00:01.40]         Reference: @abilities/active/offensive:multi-attack
[xUnit.net 00:00:01.40]           Occurrences: 1
[xUnit.net 00:00:01.40]             ΓÇó enemies\demons\catalog.json:415
[xUnit.net 00:00:01.40]         
[xUnit.net 00:00:01.40]         Reference: @abilities/active/offensive:mummy-rot
[xUnit.net 00:00:01.40]           Occurrences: 1
[xUnit.net 00:00:01.40]             ΓÇó enemies\undead\catalog.json:407
[xUnit.net 00:00:01.40]         
[xUnit.net 00:00:01.40]         Reference: @abilities/active/offensive:necrotic-burst
[xUnit.net 00:00:01.40]           Occurrences: 1
[xUnit.net 00:00:01.40]             ΓÇó enemies\undead\catalog.json:153
[xUnit.net 00:00:01.40]         
[xUnit.net 00:00:01.40]         Reference: @abilities/active/offensive:nightmare-aura
[xUnit.net 00:00:01.40]           Occurrences: 1
[xUnit.net 00:00:01.40]             ΓÇó enemies\demons\catalog.json:191
[xUnit.net 00:00:01.40]         
[xUnit.net 00:00:01.40]         Reference: @abilities/active/offensive:paralysis-touch
[xUnit.net 00:00:01.40]           Occurrences: 2
[xUnit.net 00:00:01.40]             ΓÇó enemies\undead\catalog.json:83
[xUnit.net 00:00:01.40]             ΓÇó enemies\undead\catalog.json:146
[xUnit.net 00:00:01.40]         
[xUnit.net 00:00:01.40]         Reference: @abilities/active/offensive:parry
[xUnit.net 00:00:01.40]           Occurrences: 1
[xUnit.net 00:00:01.40]             ΓÇó enemies\demons\catalog.json:416
[xUnit.net 00:00:01.40]         
[xUnit.net 00:00:01.40]         Reference: @abilities/active/offensive:petrifying-gaze
[xUnit.net 00:00:01.40]           Occurrences: 1
[xUnit.net 00:00:01.40]             ΓÇó enemies\reptilians\catalog.json:394
[xUnit.net 00:00:01.40]         
[xUnit.net 00:00:01.40]         Reference: @abilities/active/offensive:plague-touch
[xUnit.net 00:00:01.40]           Occurrences: 1
[xUnit.net 00:00:01.40]             ΓÇó enemies\vampires\catalog.json:358
[xUnit.net 00:00:01.40]         
[xUnit.net 00:00:01.40]         Reference: @abilities/active/offensive:poison-bite
[xUnit.net 00:00:01.40]           Occurrences: 11
[xUnit.net 00:00:01.40]             ΓÇó enemies\beasts\catalog.json:351
[xUnit.net 00:00:01.40]             ΓÇó enemies\beasts\catalog.json:430
[xUnit.net 00:00:01.40]             ΓÇó enemies\insects\catalog.json:54
[xUnit.net 00:00:01.40]             ΓÇó enemies\insects\catalog.json:77
[xUnit.net 00:00:01.40]             ΓÇó enemies\insects\catalog.json:104
[xUnit.net 00:00:01.40]             ... and 6 more occurrences
[xUnit.net 00:00:01.40]         
[xUnit.net 00:00:01.40]         Reference: @abilities/active/offensive:poison-sting
[xUnit.net 00:00:01.40]           Occurrences: 3
[xUnit.net 00:00:01.40]             ΓÇó enemies\beasts\catalog.json:401
[xUnit.net 00:00:01.40]             ΓÇó enemies\insects\catalog.json:268
[xUnit.net 00:00:01.40]             ΓÇó enemies\insects\catalog.json:290
[xUnit.net 00:00:01.40]         
[xUnit.net 00:00:01.40]         Reference: @abilities/active/offensive:poisoned-blade
[xUnit.net 00:00:01.40]           Occurrences: 1
[xUnit.net 00:00:01.40]             ΓÇó enemies\goblinoids\catalog.json:304
[xUnit.net 00:00:01.40]         
[xUnit.net 00:00:01.40]         Reference: @abilities/active/offensive:possession
[xUnit.net 00:00:01.40]           Occurrences: 1
[xUnit.net 00:00:01.40]             ΓÇó enemies\undead\catalog.json:223
[xUnit.net 00:00:01.40]         
[xUnit.net 00:00:01.40]         Reference: @abilities/active/offensive:pounce
[xUnit.net 00:00:01.40]           Occurrences: 4
[xUnit.net 00:00:01.40]             ΓÇó enemies\beasts\catalog.json:68
[xUnit.net 00:00:01.40]             ΓÇó enemies\beasts\catalog.json:255
[xUnit.net 00:00:01.40]             ΓÇó enemies\beasts\catalog.json:283
[xUnit.net 00:00:01.40]             ΓÇó enemies\beasts\catalog.json:316
[xUnit.net 00:00:01.40]         
[xUnit.net 00:00:01.40]         Reference: @abilities/active/offensive:rake
[xUnit.net 00:00:01.40]           Occurrences: 1
[xUnit.net 00:00:01.40]             ΓÇó enemies\beasts\catalog.json:259
[xUnit.net 00:00:01.40]         
[xUnit.net 00:00:01.40]         Reference: @abilities/active/offensive:rend
[xUnit.net 00:00:01.40]           Occurrences: 4
[xUnit.net 00:00:01.40]             ΓÇó enemies\beasts\catalog.json:188
[xUnit.net 00:00:01.40]             ΓÇó enemies\trolls\catalog.json:51
[xUnit.net 00:00:01.40]             ΓÇó enemies\trolls\catalog.json:257
[xUnit.net 00:00:01.40]             ΓÇó enemies\trolls\catalog.json:317
[xUnit.net 00:00:01.40]         
[xUnit.net 00:00:01.40]         Reference: @abilities/active/offensive:rock-throw
[xUnit.net 00:00:01.40]           Occurrences: 5
[xUnit.net 00:00:01.40]             ΓÇó enemies\elementals\catalog.json:209
[xUnit.net 00:00:01.40]             ΓÇó enemies\elementals\catalog.json:265
[xUnit.net 00:00:01.40]             ΓÇó enemies\plants\catalog.json:282
[xUnit.net 00:00:01.40]             ΓÇó enemies\plants\catalog.json:377
[xUnit.net 00:00:01.40]             ΓÇó enemies\plants\catalog.json:409
[xUnit.net 00:00:01.40]         
[xUnit.net 00:00:01.40]         Reference: @abilities/active/offensive:shadow-bolt
[xUnit.net 00:00:01.40]           Occurrences: 2
[xUnit.net 00:00:01.40]             ΓÇó enemies\demons\catalog.json:68
[xUnit.net 00:00:01.40]             ΓÇó enemies\demons\catalog.json:187
[xUnit.net 00:00:01.40]         
[xUnit.net 00:00:01.40]         Reference: @abilities/active/offensive:shadow-step
[xUnit.net 00:00:01.40]           Occurrences: 5
[xUnit.net 00:00:01.40]             ΓÇó enemies\demons\catalog.json:73
[xUnit.net 00:00:01.40]             ΓÇó enemies\goblinoids\catalog.json:125
[xUnit.net 00:00:01.40]             ΓÇó enemies\goblinoids\catalog.json:303
[xUnit.net 00:00:01.40]             ΓÇó enemies\goblinoids\catalog.json:326
[xUnit.net 00:00:01.40]             ΓÇó enemies\goblinoids\catalog.json:365
[xUnit.net 00:00:01.40]         
[xUnit.net 00:00:01.40]         Reference: @abilities/active/offensive:shapeshifting
[xUnit.net 00:00:01.40]           Occurrences: 5
[xUnit.net 00:00:01.40]             ΓÇó enemies\vampires\catalog.json:145
[xUnit.net 00:00:01.40]             ΓÇó enemies\vampires\catalog.json:223
[xUnit.net 00:00:01.40]             ΓÇó enemies\vampires\catalog.json:269
[xUnit.net 00:00:01.40]             ΓÇó enemies\vampires\catalog.json:298
[xUnit.net 00:00:01.40]             ΓÇó enemies\vampires\catalog.json:328
[xUnit.net 00:00:01.40]         
[xUnit.net 00:00:01.40]         Reference: @abilities/active/offensive:slam
[xUnit.net 00:00:01.40]           Occurrences: 8
[xUnit.net 00:00:01.40]             ΓÇó enemies\elementals\catalog.json:237
[xUnit.net 00:00:01.40]             ΓÇó enemies\plants\catalog.json:254
[xUnit.net 00:00:01.40]             ΓÇó enemies\plants\catalog.json:281
[xUnit.net 00:00:01.40]             ΓÇó enemies\plants\catalog.json:335
[xUnit.net 00:00:01.40]             ΓÇó enemies\plants\catalog.json:376
[xUnit.net 00:00:01.40]             ... and 3 more occurrences
[xUnit.net 00:00:01.40]         
[xUnit.net 00:00:01.40]         Reference: @abilities/active/offensive:soul-rend
[xUnit.net 00:00:01.40]           Occurrences: 1
[xUnit.net 00:00:01.40]             ΓÇó enemies\undead\catalog.json:195
[xUnit.net 00:00:01.40]         
[xUnit.net 00:00:01.40]         Reference: @abilities/active/offensive:spectral-touch
[xUnit.net 00:00:01.40]           Occurrences: 1
[xUnit.net 00:00:01.40]             ΓÇó enemies\undead\catalog.json:251
[xUnit.net 00:00:01.40]         
[xUnit.net 00:00:01.40]         Reference: @abilities/active/offensive:spore-cloud
[xUnit.net 00:00:01.40]           Occurrences: 2
[xUnit.net 00:00:01.40]             ΓÇó enemies\demons\catalog.json:141
[xUnit.net 00:00:01.40]             ΓÇó enemies\plants\catalog.json:309
[xUnit.net 00:00:01.40]         
[xUnit.net 00:00:01.40]         Reference: @abilities/active/offensive:sting
[xUnit.net 00:00:01.40]           Occurrences: 3
[xUnit.net 00:00:01.40]             ΓÇó enemies\beasts\catalog.json:400
[xUnit.net 00:00:01.40]             ΓÇó enemies\insects\catalog.json:263
[xUnit.net 00:00:01.40]             ΓÇó enemies\insects\catalog.json:289
[xUnit.net 00:00:01.40]         
[xUnit.net 00:00:01.40]         Reference: @abilities/active/offensive:stone-touch
[xUnit.net 00:00:01.40]           Occurrences: 1
[xUnit.net 00:00:01.40]             ΓÇó enemies\reptilians\catalog.json:398
[xUnit.net 00:00:01.40]         
[xUnit.net 00:00:01.40]         Reference: @abilities/active/offensive:suggestion
[xUnit.net 00:00:01.40]           Occurrences: 2
[xUnit.net 00:00:01.40]             ΓÇó enemies\reptilians\catalog.json:280
[xUnit.net 00:00:01.40]             ΓÇó enemies\vampires\catalog.json:101
[xUnit.net 00:00:01.40]         
[xUnit.net 00:00:01.40]         Reference: @abilities/active/offensive:terror-scream
[xUnit.net 00:00:01.40]           Occurrences: 1
[xUnit.net 00:00:01.40]             ΓÇó enemies\undead\catalog.json:226
[xUnit.net 00:00:01.40]         
[xUnit.net 00:00:01.40]         Reference: @abilities/active/offensive:thorn-spray
[xUnit.net 00:00:01.40]           Occurrences: 3
[xUnit.net 00:00:01.40]             ΓÇó enemies\plants\catalog.json:163
[xUnit.net 00:00:01.40]             ΓÇó enemies\plants\catalog.json:188
[xUnit.net 00:00:01.40]             ΓÇó enemies\plants\catalog.json:213
[xUnit.net 00:00:01.40]         
[xUnit.net 00:00:01.40]         Reference: @abilities/active/offensive:thorn-volley
[xUnit.net 00:00:01.40]           Occurrences: 1
[xUnit.net 00:00:01.40]             ΓÇó enemies\plants\catalog.json:219
[xUnit.net 00:00:01.40]         
[xUnit.net 00:00:01.40]         Reference: @abilities/active/offensive:trample
[xUnit.net 00:00:01.40]           Occurrences: 1
[xUnit.net 00:00:01.40]             ΓÇó enemies\beasts\catalog.json:455
[xUnit.net 00:00:01.40]         
[xUnit.net 00:00:01.40]         Reference: @abilities/active/offensive:vengeful-strike
[xUnit.net 00:00:01.40]           Occurrences: 1
[xUnit.net 00:00:01.40]             ΓÇó enemies\undead\catalog.json:375
[xUnit.net 00:00:01.40]         
[xUnit.net 00:00:01.40]         Reference: @abilities/active/offensive:venom-strike
[xUnit.net 00:00:01.40]           Occurrences: 1
[xUnit.net 00:00:01.40]             ΓÇó enemies\insects\catalog.json:109
[xUnit.net 00:00:01.40]         
[xUnit.net 00:00:01.40]         Reference: @abilities/active/offensive:vine-whip
[xUnit.net 00:00:01.40]           Occurrences: 1
[xUnit.net 00:00:01.40]             ΓÇó enemies\plants\catalog.json:48
[xUnit.net 00:00:01.40]         
[xUnit.net 00:00:01.40]         Reference: @abilities/active/summon:summon-scarabs
[xUnit.net 00:00:01.40]           Occurrences: 1
[xUnit.net 00:00:01.40]             ΓÇó enemies\undead\catalog.json:414
[xUnit.net 00:00:01.40]         
[xUnit.net 00:00:01.40]         Reference: @abilities/active/support:animate-trees
[xUnit.net 00:00:01.40]           Occurrences: 3
[xUnit.net 00:00:01.40]             ΓÇó enemies\plants\catalog.json:283
[xUnit.net 00:00:01.40]             ΓÇó enemies\plants\catalog.json:378
[xUnit.net 00:00:01.40]             ΓÇó enemies\plants\catalog.json:410
[xUnit.net 00:00:01.40]         
[xUnit.net 00:00:01.40]         Reference: @abilities/active/support:battle-rage
[xUnit.net 00:00:01.41]           Occurrences: 4
[xUnit.net 00:00:01.41]             ΓÇó enemies\orcs\catalog.json:70
[xUnit.net 00:00:01.41]             ΓÇó enemies\orcs\catalog.json:96
[xUnit.net 00:00:01.41]             ΓÇó enemies\orcs\catalog.json:121
[xUnit.net 00:00:01.41]             ΓÇó enemies\orcs\catalog.json:347
[xUnit.net 00:00:01.41]         
[xUnit.net 00:00:01.41]         Reference: @abilities/active/support:burrow
[xUnit.net 00:00:01.41]           Occurrences: 1
[xUnit.net 00:00:01.41]             ΓÇó enemies\elementals\catalog.json:266
[xUnit.net 00:00:01.41]         
[xUnit.net 00:00:01.41]         Reference: @abilities/active/support:chain-lightning
[xUnit.net 00:00:01.41]           Occurrences: 3
[xUnit.net 00:00:01.41]             ΓÇó enemies\elementals\catalog.json:359
[xUnit.net 00:00:01.41]             ΓÇó enemies\orcs\catalog.json:190
[xUnit.net 00:00:01.41]             ΓÇó enemies\reptilians\catalog.json:371
[xUnit.net 00:00:01.41]         
[xUnit.net 00:00:01.41]         Reference: @abilities/active/support:charm
[xUnit.net 00:00:01.41]           Occurrences: 14
[xUnit.net 00:00:01.41]             ΓÇó enemies\demons\catalog.json:256
[xUnit.net 00:00:01.41]             ΓÇó enemies\demons\catalog.json:281
[xUnit.net 00:00:01.41]             ΓÇó enemies\reptilians\catalog.json:276
[xUnit.net 00:00:01.41]             ΓÇó enemies\reptilians\catalog.json:302
[xUnit.net 00:00:01.41]             ΓÇó enemies\reptilians\catalog.json:329
[xUnit.net 00:00:01.41]             ... and 9 more occurrences
[xUnit.net 00:00:01.41]         
[xUnit.net 00:00:01.41]         Reference: @abilities/active/support:coordinated-attack
[xUnit.net 00:00:01.41]           Occurrences: 1
[xUnit.net 00:00:01.41]             ΓÇó enemies\beasts\catalog.json:71
[xUnit.net 00:00:01.41]         
[xUnit.net 00:00:01.41]         Reference: @abilities/active/support:devils-contract
[xUnit.net 00:00:01.41]           Occurrences: 1
[xUnit.net 00:00:01.41]             ΓÇó enemies\demons\catalog.json:231
[xUnit.net 00:00:01.41]         
[xUnit.net 00:00:01.41]         Reference: @abilities/active/support:dominate
[xUnit.net 00:00:01.41]           Occurrences: 2
[xUnit.net 00:00:01.41]             ΓÇó enemies\vampires\catalog.json:299
[xUnit.net 00:00:01.41]             ΓÇó enemies\vampires\catalog.json:329
[xUnit.net 00:00:01.41]         
[xUnit.net 00:00:01.41]         Reference: @abilities/active/support:entangle
[xUnit.net 00:00:01.41]           Occurrences: 6
[xUnit.net 00:00:01.41]             ΓÇó enemies\plants\catalog.json:52
[xUnit.net 00:00:01.41]             ΓÇó enemies\plants\catalog.json:73
[xUnit.net 00:00:01.41]             ΓÇó enemies\plants\catalog.json:124
[xUnit.net 00:00:01.41]             ΓÇó enemies\plants\catalog.json:168
[xUnit.net 00:00:01.41]             ΓÇó enemies\plants\catalog.json:215
[xUnit.net 00:00:01.41]             ... and 1 more occurrences
[xUnit.net 00:00:01.41]         
[xUnit.net 00:00:01.41]         Reference: @abilities/active/support:ethereal-jaunt
[xUnit.net 00:00:01.41]           Occurrences: 2
[xUnit.net 00:00:01.41]             ΓÇó enemies\demons\catalog.json:260
[xUnit.net 00:00:01.41]             ΓÇó enemies\demons\catalog.json:285
[xUnit.net 00:00:01.41]         
[xUnit.net 00:00:01.41]         Reference: @abilities/active/support:hallucination-spores
[xUnit.net 00:00:01.41]           Occurrences: 1
[xUnit.net 00:00:01.41]             ΓÇó enemies\plants\catalog.json:310
[xUnit.net 00:00:01.41]         
[xUnit.net 00:00:01.41]         Reference: @abilities/active/support:haste
[xUnit.net 00:00:01.41]           Occurrences: 1
[xUnit.net 00:00:01.41]             ΓÇó enemies\elementals\catalog.json:338
[xUnit.net 00:00:01.41]         
[xUnit.net 00:00:01.41]         Reference: @abilities/active/support:healing-waters
[xUnit.net 00:00:01.41]           Occurrences: 1
[xUnit.net 00:00:01.41]             ΓÇó enemies\elementals\catalog.json:175
[xUnit.net 00:00:01.41]         
[xUnit.net 00:00:01.41]         Reference: @abilities/active/support:mana-shield
[xUnit.net 00:00:01.41]           Occurrences: 1
[xUnit.net 00:00:01.41]             ΓÇó enemies\goblinoids\catalog.json:100
[xUnit.net 00:00:01.41]         
[xUnit.net 00:00:01.41]         Reference: @abilities/active/support:rally
[xUnit.net 00:00:01.41]           Occurrences: 8
[xUnit.net 00:00:01.41]             ΓÇó enemies\goblinoids\catalog.json:209
[xUnit.net 00:00:01.41]             ΓÇó enemies\goblinoids\catalog.json:236
[xUnit.net 00:00:01.41]             ΓÇó enemies\goblinoids\catalog.json:366
[xUnit.net 00:00:01.41]             ΓÇó enemies\orcs\catalog.json:217
[xUnit.net 00:00:01.41]             ΓÇó enemies\orcs\catalog.json:244
[xUnit.net 00:00:01.41]             ... and 3 more occurrences
[xUnit.net 00:00:01.41]         
[xUnit.net 00:00:01.41]         Reference: @abilities/active/support:roar
[xUnit.net 00:00:01.41]           Occurrences: 5
[xUnit.net 00:00:01.41]             ΓÇó enemies\beasts\catalog.json:131
[xUnit.net 00:00:01.41]             ΓÇó enemies\beasts\catalog.json:162
[xUnit.net 00:00:01.41]             ΓÇó enemies\beasts\catalog.json:184
[xUnit.net 00:00:01.41]             ΓÇó enemies\beasts\catalog.json:213
[xUnit.net 00:00:01.41]             ΓÇó enemies\beasts\catalog.json:312
[xUnit.net 00:00:01.41]         
[xUnit.net 00:00:01.41]         Reference: @abilities/active/support:root-grasp
[xUnit.net 00:00:01.41]           Occurrences: 1
[xUnit.net 00:00:01.41]             ΓÇó enemies\plants\catalog.json:340
[xUnit.net 00:00:01.41]         
[xUnit.net 00:00:01.41]         Reference: @abilities/active/support:snare
[xUnit.net 00:00:01.41]           Occurrences: 1
[xUnit.net 00:00:01.41]             ΓÇó enemies\reptilians\catalog.json:101
[xUnit.net 00:00:01.41]         
[xUnit.net 00:00:01.41]         Reference: @abilities/active/support:stunning-screech
[xUnit.net 00:00:01.41]           Occurrences: 1
[xUnit.net 00:00:01.41]             ΓÇó enemies\demons\catalog.json:137
[xUnit.net 00:00:01.41]         
[xUnit.net 00:00:01.41]         Reference: @abilities/active/support:summon-ants
[xUnit.net 00:00:01.41]           Occurrences: 1
[xUnit.net 00:00:01.41]             ΓÇó enemies\insects\catalog.json:431
[xUnit.net 00:00:01.41]         
[xUnit.net 00:00:01.41]         Reference: @abilities/active/support:swarm-tactics
[xUnit.net 00:00:01.41]           Occurrences: 3
[xUnit.net 00:00:01.41]             ΓÇó enemies\insects\catalog.json:382
[xUnit.net 00:00:01.41]             ΓÇó enemies\insects\catalog.json:404
[xUnit.net 00:00:01.41]             ΓÇó enemies\insects\catalog.json:430
[xUnit.net 00:00:01.41]         
[xUnit.net 00:00:01.41]         Reference: @abilities/active/support:thorn-barrier
[xUnit.net 00:00:01.41]           Occurrences: 1
[xUnit.net 00:00:01.41]             ΓÇó enemies\plants\catalog.json:193
[xUnit.net 00:00:01.41]         
[xUnit.net 00:00:01.41]         Reference: @abilities/active/support:tidal-wave
[xUnit.net 00:00:01.41]           Occurrences: 1
[xUnit.net 00:00:01.41]             ΓÇó enemies\elementals\catalog.json:143
[xUnit.net 00:00:01.41]         
[xUnit.net 00:00:01.41]         Reference: @abilities/active/support:trap
[xUnit.net 00:00:01.41]           Occurrences: 1
[xUnit.net 00:00:01.41]             ΓÇó enemies\reptilians\catalog.json:97
[xUnit.net 00:00:01.41]         
[xUnit.net 00:00:01.41]         Reference: @abilities/active/support:undying-rage
[xUnit.net 00:00:01.41]           Occurrences: 1
[xUnit.net 00:00:01.41]             ΓÇó enemies\undead\catalog.json:383
[xUnit.net 00:00:01.41]         
[xUnit.net 00:00:01.41]         Reference: @abilities/active/support:water-shield
[xUnit.net 00:00:01.41]           Occurrences: 1
[xUnit.net 00:00:01.41]             ΓÇó enemies\elementals\catalog.json:147
[xUnit.net 00:00:01.41]         
[xUnit.net 00:00:01.41]         Reference: @abilities/active/support:web
[xUnit.net 00:00:01.41]           Occurrences: 4
[xUnit.net 00:00:01.41]             ΓÇó enemies\beasts\catalog.json:426
[xUnit.net 00:00:01.41]             ΓÇó enemies\insects\catalog.json:50
[xUnit.net 00:00:01.41]             ΓÇó enemies\insects\catalog.json:105
[xUnit.net 00:00:01.41]             ΓÇó enemies\insects\catalog.json:132
[xUnit.net 00:00:01.41]         
[xUnit.net 00:00:01.41]         Reference: @abilities/active/support:web-trap
[xUnit.net 00:00:01.41]           Occurrences: 1
[xUnit.net 00:00:01.41]             ΓÇó enemies\insects\catalog.json:136
[xUnit.net 00:00:01.41]         
[xUnit.net 00:00:01.41]         Reference: @abilities/active/support:whirlwind
[xUnit.net 00:00:01.41]           Occurrences: 2
[xUnit.net 00:00:01.41]             ΓÇó enemies\elementals\catalog.json:310
[xUnit.net 00:00:01.41]             ΓÇó enemies\elementals\catalog.json:360
[xUnit.net 00:00:01.41]         
[xUnit.net 00:00:01.41]         Reference: @abilities/active/utility:invisibility
[xUnit.net 00:00:01.41]           Occurrences: 1
[xUnit.net 00:00:01.41]             ΓÇó enemies\undead\catalog.json:254
[xUnit.net 00:00:01.41]         
[xUnit.net 00:00:01.41]         Reference: @abilities/active/utility:phase
[xUnit.net 00:00:01.41]           Occurrences: 5
[xUnit.net 00:00:01.41]             ΓÇó enemies\undead\catalog.json:188
[xUnit.net 00:00:01.41]             ΓÇó enemies\undead\catalog.json:219
[xUnit.net 00:00:01.41]             ΓÇó enemies\undead\catalog.json:247
[xUnit.net 00:00:01.41]             ΓÇó enemies\undead\catalog.json:278
[xUnit.net 00:00:01.41]             ΓÇó enemies\undead\catalog.json:302
[xUnit.net 00:00:01.41]         
[xUnit.net 00:00:01.41]         Reference: @abilities/category:name
[xUnit.net 00:00:01.41]           Occurrences: 4
[xUnit.net 00:00:01.41]             ΓÇó enemies\beasts\catalog.json:12
[xUnit.net 00:00:01.41]             ΓÇó enemies\dragons\catalog.json:12
[xUnit.net 00:00:01.41]             ΓÇó enemies\humanoids\catalog.json:12
[xUnit.net 00:00:01.41]             ΓÇó enemies\undead\catalog.json:12
[xUnit.net 00:00:01.41]         
[xUnit.net 00:00:01.41]         Reference: @abilities/ultimate/ultimate:ancient-bloodline
[xUnit.net 00:00:01.41]           Occurrences: 1
[xUnit.net 00:00:01.41]             ΓÇó enemies\vampires\catalog.json:273
[xUnit.net 00:00:01.41]         
[xUnit.net 00:00:01.41]         Reference: @abilities/ultimate/ultimate:assassinate
[xUnit.net 00:00:01.41]           Occurrences: 2
[xUnit.net 00:00:01.41]             ΓÇó enemies\goblinoids\catalog.json:330
[xUnit.net 00:00:01.41]             ΓÇó enemies\goblinoids\catalog.json:371
[xUnit.net 00:00:01.41]         
[xUnit.net 00:00:01.41]         Reference: @abilities/ultimate/ultimate:avatar-of-war
[xUnit.net 00:00:01.41]           Occurrences: 5
[xUnit.net 00:00:01.41]             ΓÇó enemies\orcs\catalog.json:252
[xUnit.net 00:00:01.41]             ΓÇó enemies\orcs\catalog.json:297
[xUnit.net 00:00:01.41]             ΓÇó enemies\orcs\catalog.json:354
[xUnit.net 00:00:01.41]             ΓÇó enemies\trolls\catalog.json:293
[xUnit.net 00:00:01.41]             ΓÇó enemies\trolls\catalog.json:327
[xUnit.net 00:00:01.41]         
[xUnit.net 00:00:01.41]         Reference: @abilities/ultimate/ultimate:blade-storm
[xUnit.net 00:00:01.41]           Occurrences: 1
[xUnit.net 00:00:01.41]             ΓÇó enemies\demons\catalog.json:420
[xUnit.net 00:00:01.41]         
[xUnit.net 00:00:01.41]         Reference: @abilities/ultimate/ultimate:blood-god
[xUnit.net 00:00:01.41]           Occurrences: 1
[xUnit.net 00:00:01.41]             ΓÇó enemies\vampires\catalog.json:334
[xUnit.net 00:00:01.41]         
[xUnit.net 00:00:01.41]         Reference: @abilities/ultimate/ultimate:blood-lord
[xUnit.net 00:00:01.41]           Occurrences: 1
[xUnit.net 00:00:01.41]             ΓÇó enemies\vampires\catalog.json:227
[xUnit.net 00:00:01.41]         
[xUnit.net 00:00:01.41]         Reference: @abilities/ultimate/ultimate:crimson-throne
[xUnit.net 00:00:01.41]           Occurrences: 1
[xUnit.net 00:00:01.41]             ΓÇó enemies\vampires\catalog.json:303
[xUnit.net 00:00:01.41]         
[xUnit.net 00:00:01.41]         Reference: @abilities/ultimate/ultimate:death-ray
[xUnit.net 00:00:01.41]           Occurrences: 1
[xUnit.net 00:00:01.41]             ΓÇó enemies\demons\catalog.json:440
[xUnit.net 00:00:01.41]         
[xUnit.net 00:00:01.41]         Reference: @abilities/ultimate/ultimate:demon-lord
[xUnit.net 00:00:01.41]           Occurrences: 3
[xUnit.net 00:00:01.41]             ΓÇó enemies\demons\catalog.json:333
[xUnit.net 00:00:01.41]             ΓÇó enemies\demons\catalog.json:363
[xUnit.net 00:00:01.41]             ΓÇó enemies\demons\catalog.json:394
[xUnit.net 00:00:01.41]         
[xUnit.net 00:00:01.41]         Reference: @abilities/ultimate/ultimate:devastating-blow
[xUnit.net 00:00:01.41]           Occurrences: 1
[xUnit.net 00:00:01.41]             ΓÇó enemies\reptilians\catalog.json:240
[xUnit.net 00:00:01.41]         
[xUnit.net 00:00:01.41]         Reference: @abilities/ultimate/ultimate:earthquake
[xUnit.net 00:00:01.41]           Occurrences: 1
[xUnit.net 00:00:01.41]             ΓÇó enemies\elementals\catalog.json:217
[xUnit.net 00:00:01.41]         
[xUnit.net 00:00:01.41]         Reference: @abilities/ultimate/ultimate:eternal-vengeance
[xUnit.net 00:00:01.41]           Occurrences: 1
[xUnit.net 00:00:01.41]             ΓÇó enemies\undead\catalog.json:386
[xUnit.net 00:00:01.41]         
[xUnit.net 00:00:01.41]         Reference: @abilities/ultimate/ultimate:forest-guardian
[xUnit.net 00:00:01.41]           Occurrences: 3
[xUnit.net 00:00:01.41]             ΓÇó enemies\plants\catalog.json:287
[xUnit.net 00:00:01.41]             ΓÇó enemies\plants\catalog.json:383
[xUnit.net 00:00:01.41]             ΓÇó enemies\plants\catalog.json:416
[xUnit.net 00:00:01.41]         
[xUnit.net 00:00:01.41]         Reference: @abilities/ultimate/ultimate:hive-mind
[xUnit.net 00:00:01.41]           Occurrences: 1
[xUnit.net 00:00:01.41]             ΓÇó enemies\insects\catalog.json:435
[xUnit.net 00:00:01.41]         
[xUnit.net 00:00:01.41]         Reference: @abilities/ultimate/ultimate:inferno
[xUnit.net 00:00:01.41]           Occurrences: 8
[xUnit.net 00:00:01.41]             ΓÇó enemies\demons\catalog.json:116
[xUnit.net 00:00:01.41]             ΓÇó enemies\demons\catalog.json:330
[xUnit.net 00:00:01.41]             ΓÇó enemies\demons\catalog.json:360
[xUnit.net 00:00:01.41]             ΓÇó enemies\demons\catalog.json:390
[xUnit.net 00:00:01.41]             ΓÇó enemies\elementals\catalog.json:52
[xUnit.net 00:00:01.41]             ... and 3 more occurrences
[xUnit.net 00:00:01.41]         
[xUnit.net 00:00:01.41]         Reference: @abilities/ultimate/ultimate:plague-lord
[xUnit.net 00:00:01.41]           Occurrences: 1
[xUnit.net 00:00:01.41]             ΓÇó enemies\undead\catalog.json:417
[xUnit.net 00:00:01.41]         
[xUnit.net 00:00:01.41]         Reference: @abilities/ultimate/ultimate:primal-fury
[xUnit.net 00:00:01.41]           Occurrences: 3
[xUnit.net 00:00:01.41]             ΓÇó enemies\beasts\catalog.json:223
[xUnit.net 00:00:01.41]             ΓÇó enemies\trolls\catalog.json:264
[xUnit.net 00:00:01.41]             ΓÇó enemies\trolls\catalog.json:324
[xUnit.net 00:00:01.41]         
[xUnit.net 00:00:01.41]         Reference: @abilities/ultimate/ultimate:progenitors-blessing
[xUnit.net 00:00:01.41]           Occurrences: 1
[xUnit.net 00:00:01.41]             ΓÇó enemies\vampires\catalog.json:333
[xUnit.net 00:00:01.41]         
[xUnit.net 00:00:01.41]         Reference: @abilities/ultimate/ultimate:serpent-lord
[xUnit.net 00:00:01.41]           Occurrences: 1
[xUnit.net 00:00:01.41]             ΓÇó enemies\reptilians\catalog.json:333
[xUnit.net 00:00:01.41]         
[xUnit.net 00:00:01.41]         Reference: @abilities/ultimate/ultimate:shadow-lord
[xUnit.net 00:00:01.41]           Occurrences: 1
[xUnit.net 00:00:01.41]             ΓÇó enemies\vampires\catalog.json:362
[xUnit.net 00:00:01.41]         
[xUnit.net 00:00:01.41]         Reference: @abilities/ultimate/ultimate:soul-reaver
[xUnit.net 00:00:01.41]           Occurrences: 1
[xUnit.net 00:00:01.41]             ΓÇó enemies\undead\catalog.json:309
[xUnit.net 00:00:01.41]         
[xUnit.net 00:00:01.41]         Reference: @abilities/ultimate/ultimate:spider-queen
[xUnit.net 00:00:01.41]           Occurrences: 1
[xUnit.net 00:00:01.41]             ΓÇó enemies\insects\catalog.json:139
[xUnit.net 00:00:01.41]         
[xUnit.net 00:00:01.41]         Reference: @abilities/ultimate/ultimate:supernova
[xUnit.net 00:00:01.41]           Occurrences: 1
[xUnit.net 00:00:01.41]             ΓÇó enemies\elementals\catalog.json:397
[xUnit.net 00:00:01.41]         
[xUnit.net 00:00:01.41]         Reference: @abilities/ultimate/ultimate:tsunami
[xUnit.net 00:00:01.41]           Occurrences: 1
[xUnit.net 00:00:01.41]             ΓÇó enemies\elementals\catalog.json:150
[xUnit.net 00:00:01.41]         
[xUnit.net 00:00:01.41]         Reference: @abilities/ultimate/ultimate:vampiric-ascension
[xUnit.net 00:00:01.41]           Occurrences: 1
[xUnit.net 00:00:01.41]             ΓÇó enemies\vampires\catalog.json:199
[xUnit.net 00:00:01.41]         
[xUnit.net 00:00:01.41]         Reference: @abilities/ultimate/ultimate:vampiric-aura
[xUnit.net 00:00:01.41]           Occurrences: 1
[xUnit.net 00:00:01.41]             ΓÇó enemies\vampires\catalog.json:172
[xUnit.net 00:00:01.41]         
[xUnit.net 00:00:01.41]         Reference: @abilities/ultimate/ultimate:winter-storm
[xUnit.net 00:00:01.41]           Occurrences: 1
[xUnit.net 00:00:01.41]             ΓÇó enemies\beasts\catalog.json:94
[xUnit.net 00:00:01.41]         
[xUnit.net 00:00:01.41]         Reference: @abilities/ultimate/ultimate:wish
[xUnit.net 00:00:01.41]           Occurrences: 3
[xUnit.net 00:00:01.41]             ΓÇó enemies\demons\catalog.json:391
[xUnit.net 00:00:01.41]             ΓÇó enemies\elementals\catalog.json:107
[xUnit.net 00:00:01.41]             ΓÇó enemies\elementals\catalog.json:367
[xUnit.net 00:00:01.41]         
[xUnit.net 00:00:01.41]         Reference: @items/ammunition:*
[xUnit.net 00:00:01.41]           Occurrences: 2
[xUnit.net 00:00:01.41]             ΓÇó organizations\shops\catalog.json:508
[xUnit.net 00:00:01.41]             ΓÇó organizations\shops\catalog.json:513
[xUnit.net 00:00:01.41]         
[xUnit.net 00:00:01.41]         Reference: @items/ammunition/arrows:basic-arrows
[xUnit.net 00:00:01.41]           Occurrences: 1
[xUnit.net 00:00:01.41]             ΓÇó npcs\craftsmen\catalog.json:333
[xUnit.net 00:00:01.41]         
[xUnit.net 00:00:01.41]         Reference: @items/armor:*
[xUnit.net 00:00:01.41]           Occurrences: 14
[xUnit.net 00:00:01.41]             ΓÇó organizations\shops\catalog.json:34
[xUnit.net 00:00:01.41]             ΓÇó organizations\shops\catalog.json:134
[xUnit.net 00:00:01.41]             ΓÇó organizations\shops\catalog.json:139
[xUnit.net 00:00:01.41]             ΓÇó organizations\shops\catalog.json:144
[xUnit.net 00:00:01.41]             ΓÇó quests\rewards\catalog.json:49
[xUnit.net 00:00:01.41]             ... and 9 more occurrences
[xUnit.net 00:00:01.41]         
[xUnit.net 00:00:01.41]         Reference: @items/armor:ancient
[xUnit.net 00:00:01.41]           Occurrences: 1
[xUnit.net 00:00:01.41]             ΓÇó world\locations\wilderness\catalog.json:238
[xUnit.net 00:00:01.41]         
[xUnit.net 00:00:01.41]         Reference: @items/armor/heavy:plate-armor
[xUnit.net 00:00:01.41]           Occurrences: 1
[xUnit.net 00:00:01.41]             ΓÇó npcs\craftsmen\catalog.json:272
[xUnit.net 00:00:01.41]         
[xUnit.net 00:00:01.41]         Reference: @items/armor/light:leather-armor
[xUnit.net 00:00:01.41]           Occurrences: 1
[xUnit.net 00:00:01.41]             ΓÇó npcs\craftsmen\catalog.json:400
[xUnit.net 00:00:01.41]         
[xUnit.net 00:00:01.41]         Reference: @items/armor/medium:chainmail
[xUnit.net 00:00:01.41]           Occurrences: 2
[xUnit.net 00:00:01.41]             ΓÇó npcs\craftsmen\catalog.json:134
[xUnit.net 00:00:01.41]             ΓÇó npcs\craftsmen\catalog.json:268
[xUnit.net 00:00:01.41]         
[xUnit.net 00:00:01.41]         Reference: @items/books/common:basic-book
[xUnit.net 00:00:01.41]           Occurrences: 1
[xUnit.net 00:00:01.41]             ΓÇó npcs\professionals\catalog.json:447
[xUnit.net 00:00:01.41]         
[xUnit.net 00:00:01.41]         Reference: @items/books/rare:ancient-tome
[xUnit.net 00:00:01.41]           Occurrences: 1
[xUnit.net 00:00:01.41]             ΓÇó npcs\professionals\catalog.json:513
[xUnit.net 00:00:01.41]         
[xUnit.net 00:00:01.41]         Reference: @items/consumables:*
[xUnit.net 00:00:01.41]           Occurrences: 16
[xUnit.net 00:00:01.41]             ΓÇó quests\catalog.json:142
[xUnit.net 00:00:01.41]             ΓÇó quests\catalog.json:219
[xUnit.net 00:00:01.41]             ΓÇó world\locations\dungeons\catalog.json:25
[xUnit.net 00:00:01.41]             ΓÇó world\locations\dungeons\catalog.json:42
[xUnit.net 00:00:01.41]             ΓÇó world\locations\dungeons\catalog.json:59
[xUnit.net 00:00:01.41]             ... and 11 more occurrences
[xUnit.net 00:00:01.41]         
[xUnit.net 00:00:01.41]         Reference: @items/consumables:fish
[xUnit.net 00:00:01.41]           Occurrences: 2
[xUnit.net 00:00:01.41]             ΓÇó world\locations\wilderness\catalog.json:59
[xUnit.net 00:00:01.41]             ΓÇó world\locations\wilderness\catalog.json:139
[xUnit.net 00:00:01.41]         
[xUnit.net 00:00:01.41]         Reference: @items/consumables:wild-game
[xUnit.net 00:00:01.41]           Occurrences: 1
[xUnit.net 00:00:01.41]             ΓÇó world\environments\catalog.json:44
[xUnit.net 00:00:01.41]         
[xUnit.net 00:00:01.41]         Reference: @items/consumables/drinks:ale
[xUnit.net 00:00:01.41]           Occurrences: 2
[xUnit.net 00:00:01.41]             ΓÇó npcs\service\catalog.json:50
[xUnit.net 00:00:01.41]             ΓÇó npcs\service\catalog.json:119
[xUnit.net 00:00:01.41]         
[xUnit.net 00:00:01.41]         Reference: @items/consumables/drinks:wine
[xUnit.net 00:00:01.41]           Occurrences: 1
[xUnit.net 00:00:01.41]             ΓÇó npcs\service\catalog.json:124
[xUnit.net 00:00:01.41]         
[xUnit.net 00:00:01.41]         Reference: @items/consumables/feed:hay
[xUnit.net 00:00:01.41]           Occurrences: 1
[xUnit.net 00:00:01.41]             ΓÇó npcs\service\catalog.json:267
[xUnit.net 00:00:01.41]         
[xUnit.net 00:00:01.41]         Reference: @items/consumables/food:bread
[xUnit.net 00:00:01.41]           Occurrences: 2
[xUnit.net 00:00:01.41]             ΓÇó npcs\service\catalog.json:55
[xUnit.net 00:00:01.41]             ΓÇó npcs\service\catalog.json:194
[xUnit.net 00:00:01.41]         
[xUnit.net 00:00:01.41]         Reference: @items/consumables/food:pie
[xUnit.net 00:00:01.41]           Occurrences: 1
[xUnit.net 00:00:01.41]             ΓÇó npcs\service\catalog.json:199
[xUnit.net 00:00:01.41]         
[xUnit.net 00:00:01.41]         Reference: @items/consumables/food:rations
[xUnit.net 00:00:01.41]           Occurrences: 1
[xUnit.net 00:00:01.41]             ΓÇó npcs\merchants\catalog.json:61
[xUnit.net 00:00:01.41]         
[xUnit.net 00:00:01.41]         Reference: @items/consumables/food:stew
[xUnit.net 00:00:01.41]           Occurrences: 1
[xUnit.net 00:00:01.41]             ΓÇó npcs\service\catalog.json:60
[xUnit.net 00:00:01.41]         
[xUnit.net 00:00:01.41]         Reference: @items/consumables/herbs:healing-herb
[xUnit.net 00:00:01.41]           Occurrences: 1
[xUnit.net 00:00:01.41]             ΓÇó npcs\professionals\catalog.json:371
[xUnit.net 00:00:01.41]         
[xUnit.net 00:00:01.41]         Reference: @items/consumables/medical:bandages
[xUnit.net 00:00:01.41]           Occurrences: 1
[xUnit.net 00:00:01.41]             ΓÇó npcs\professionals\catalog.json:313
[xUnit.net 00:00:01.41]         
[xUnit.net 00:00:01.41]         Reference: @items/consumables/potions:health-potion
[xUnit.net 00:00:01.41]           Occurrences: 2
[xUnit.net 00:00:01.41]             ΓÇó npcs\professionals\catalog.json:242
[xUnit.net 00:00:01.41]             ΓÇó npcs\professionals\catalog.json:308
[xUnit.net 00:00:01.41]         
[xUnit.net 00:00:01.41]         Reference: @items/consumables/potions:mana-potion
[xUnit.net 00:00:01.41]           Occurrences: 1
[xUnit.net 00:00:01.41]             ΓÇó npcs\professionals\catalog.json:247
[xUnit.net 00:00:01.41]         
[xUnit.net 00:00:01.41]         Reference: @items/consumables/utilities:rope
[xUnit.net 00:00:01.41]           Occurrences: 1
[xUnit.net 00:00:01.41]             ΓÇó npcs\merchants\catalog.json:56
[xUnit.net 00:00:01.41]         
[xUnit.net 00:00:01.41]         Reference: @items/consumables/utilities:torch
[xUnit.net 00:00:01.41]           Occurrences: 1
[xUnit.net 00:00:01.41]             ΓÇó npcs\merchants\catalog.json:51
[xUnit.net 00:00:01.41]         
[xUnit.net 00:00:01.41]         Reference: @items/enchanted:*
[xUnit.net 00:00:01.41]           Occurrences: 3
[xUnit.net 00:00:01.41]             ΓÇó organizations\shops\catalog.json:87
[xUnit.net 00:00:01.41]             ΓÇó organizations\shops\catalog.json:271
[xUnit.net 00:00:01.41]             ΓÇó organizations\shops\catalog.json:456
[xUnit.net 00:00:01.41]         
[xUnit.net 00:00:01.41]         Reference: @items/enchantments:*[rarityWeight<=100]
[xUnit.net 00:00:01.41]           Occurrences: 4
[xUnit.net 00:00:01.41]             ΓÇó items\weapons\names.json:1405
[xUnit.net 00:00:01.41]             ΓÇó items\weapons\names.json:1461
[xUnit.net 00:00:01.41]             ΓÇó items\weapons\names.json:1479
[xUnit.net 00:00:01.41]             ΓÇó items\weapons\names.json:1480
[xUnit.net 00:00:01.41]         
[xUnit.net 00:00:01.41]         Reference: @items/enchantments:*[rarityWeight<=110]
[xUnit.net 00:00:01.41]           Occurrences: 1
[xUnit.net 00:00:01.41]             ΓÇó items\armor\names.json:1418
[xUnit.net 00:00:01.41]         
[xUnit.net 00:00:01.41]         Reference: @items/enchantments:*[rarityWeight<=120]
[xUnit.net 00:00:01.41]           Occurrences: 3
[xUnit.net 00:00:01.41]             ΓÇó items\consumables\names.json:1268
[xUnit.net 00:00:01.41]             ΓÇó items\weapons\names.json:1442
[xUnit.net 00:00:01.41]             ΓÇó items\weapons\names.json:1470
[xUnit.net 00:00:01.41]         
[xUnit.net 00:00:01.41]         Reference: @items/enchantments:*[rarityWeight<=140]
[xUnit.net 00:00:01.41]           Occurrences: 2
[xUnit.net 00:00:01.41]             ΓÇó items\armor\names.json:1427
[xUnit.net 00:00:01.41]             ΓÇó items\armor\names.json:1428
[xUnit.net 00:00:01.41]         
[xUnit.net 00:00:01.41]         Reference: @items/enchantments:*[rarityWeight<=150]
[xUnit.net 00:00:01.41]           Occurrences: 2
[xUnit.net 00:00:01.41]             ΓÇó items\weapons\names.json:1451
[xUnit.net 00:00:01.41]             ΓÇó items\weapons\names.json:1452
[xUnit.net 00:00:01.41]         
[xUnit.net 00:00:01.41]         Reference: @items/enchantments:*[rarityWeight<=180]
[xUnit.net 00:00:01.41]           Occurrences: 2
[xUnit.net 00:00:01.41]             ΓÇó items\armor\names.json:1446
[xUnit.net 00:00:01.41]             ΓÇó items\armor\names.json:1447
[xUnit.net 00:00:01.41]         
[xUnit.net 00:00:01.41]         Reference: @items/enchantments:*[rarityWeight<=200]
[xUnit.net 00:00:01.41]           Occurrences: 2
[xUnit.net 00:00:01.41]             ΓÇó items\weapons\names.json:1489
[xUnit.net 00:00:01.41]             ΓÇó items\weapons\names.json:1490
[xUnit.net 00:00:01.41]         
[xUnit.net 00:00:01.41]         Reference: @items/enchantments:*[rarityWeight<=50]
[xUnit.net 00:00:01.41]           Occurrences: 2
[xUnit.net 00:00:01.41]             ΓÇó items\armor\names.json:1356
[xUnit.net 00:00:01.41]             ΓÇó items\weapons\names.json:1380
[xUnit.net 00:00:01.41]         
[xUnit.net 00:00:01.41]         Reference: @items/enchantments:*[rarityWeight<=60]
[xUnit.net 00:00:01.41]           Occurrences: 3
[xUnit.net 00:00:01.41]             ΓÇó items\armor\names.json:1390
[xUnit.net 00:00:01.41]             ΓÇó items\consumables\names.json:1243
[xUnit.net 00:00:01.41]             ΓÇó items\weapons\names.json:1414
[xUnit.net 00:00:01.41]         
[xUnit.net 00:00:01.41]         Reference: @items/enchantments:*[rarityWeight<=65]
[xUnit.net 00:00:01.41]           Occurrences: 1
[xUnit.net 00:00:01.41]             ΓÇó items\armor\names.json:1399
[xUnit.net 00:00:01.41]         
[xUnit.net 00:00:01.41]         Reference: @items/enchantments:*[rarityWeight<=70]
[xUnit.net 00:00:01.41]           Occurrences: 2
[xUnit.net 00:00:01.41]             ΓÇó items\armor\names.json:1365
[xUnit.net 00:00:01.41]             ΓÇó items\weapons\names.json:1423
[xUnit.net 00:00:01.41]         
[xUnit.net 00:00:01.41]         Reference: @items/enchantments:*[rarityWeight<=75]
[xUnit.net 00:00:01.41]           Occurrences: 2
[xUnit.net 00:00:01.41]             ΓÇó items\armor\names.json:1408
[xUnit.net 00:00:01.41]             ΓÇó items\armor\names.json:1409
[xUnit.net 00:00:01.41]         
[xUnit.net 00:00:01.41]         Reference: @items/enchantments:*[rarityWeight<=80]
[xUnit.net 00:00:01.41]           Occurrences: 4
[xUnit.net 00:00:01.41]             ΓÇó items\consumables\names.json:1259
[xUnit.net 00:00:01.41]             ΓÇó items\weapons\names.json:1389
[xUnit.net 00:00:01.41]             ΓÇó items\weapons\names.json:1432
[xUnit.net 00:00:01.41]             ΓÇó items\weapons\names.json:1433
[xUnit.net 00:00:01.41]         
[xUnit.net 00:00:01.41]         Reference: @items/enchantments:*[rarityWeight<=90]
[xUnit.net 00:00:01.41]           Occurrences: 1
[xUnit.net 00:00:01.41]             ΓÇó items\armor\names.json:1381
[xUnit.net 00:00:01.41]         
[xUnit.net 00:00:01.41]         Reference: @items/enchantments:*[rarityWeight<=95]
[xUnit.net 00:00:01.41]           Occurrences: 1
[xUnit.net 00:00:01.41]             ΓÇó items\armor\names.json:1437
[xUnit.net 00:00:01.41]         
[xUnit.net 00:00:01.41]         Reference: @items/forbidden:*
[xUnit.net 00:00:01.41]           Occurrences: 1
[xUnit.net 00:00:01.41]             ΓÇó organizations\shops\catalog.json:566
[xUnit.net 00:00:01.41]         
[xUnit.net 00:00:01.41]         Reference: @items/jewelry:*
[xUnit.net 00:00:01.41]           Occurrences: 2
[xUnit.net 00:00:01.41]             ΓÇó organizations\shops\catalog.json:441
[xUnit.net 00:00:01.41]             ΓÇó organizations\shops\catalog.json:446
[xUnit.net 00:00:01.41]         
[xUnit.net 00:00:01.41]         Reference: @items/maps:*
[xUnit.net 00:00:01.41]           Occurrences: 1
[xUnit.net 00:00:01.41]             ΓÇó organizations\shops\catalog.json:392
[xUnit.net 00:00:01.41]         
[xUnit.net 00:00:01.41]         Reference: @items/maps/common:local-map
[xUnit.net 00:00:01.41]           Occurrences: 1
[xUnit.net 00:00:01.41]             ΓÇó npcs\professionals\catalog.json:579
[xUnit.net 00:00:01.41]         
[xUnit.net 00:00:01.41]         Reference: @items/materials:*
[xUnit.net 00:00:01.41]           Occurrences: 32
[xUnit.net 00:00:01.41]             ΓÇó quests\catalog.json:161
[xUnit.net 00:00:01.41]             ΓÇó quests\catalog.json:180
[xUnit.net 00:00:01.41]             ΓÇó quests\catalog.json:199
[xUnit.net 00:00:01.41]             ΓÇó quests\catalog.json:240
[xUnit.net 00:00:01.41]             ΓÇó quests\catalog.json:470
[xUnit.net 00:00:01.41]             ... and 27 more occurrences
[xUnit.net 00:00:01.41]         
[xUnit.net 00:00:01.41]         Reference: @items/materials:blood-lotus
[xUnit.net 00:00:01.41]           Occurrences: 1
[xUnit.net 00:00:01.41]             ΓÇó world\locations\wilderness\catalog.json:353
[xUnit.net 00:00:01.41]         
[xUnit.net 00:00:01.41]         Reference: @items/materials:crystals
[xUnit.net 00:00:01.41]           Occurrences: 1
[xUnit.net 00:00:01.41]             ΓÇó world\locations\wilderness\catalog.json:120
[xUnit.net 00:00:01.41]         
[xUnit.net 00:00:01.41]         Reference: @items/materials:cursed-artifacts
[xUnit.net 00:00:01.41]           Occurrences: 1
[xUnit.net 00:00:01.41]             ΓÇó world\locations\wilderness\catalog.json:334
[xUnit.net 00:00:01.41]         
[xUnit.net 00:00:01.41]         Reference: @items/materials:death-essence
[xUnit.net 00:00:01.41]           Occurrences: 1
[xUnit.net 00:00:01.41]             ΓÇó world\locations\wilderness\catalog.json:335
[xUnit.net 00:00:01.41]         
[xUnit.net 00:00:01.41]         Reference: @items/materials:enchanted-wood
[xUnit.net 00:00:01.41]           Occurrences: 1
[xUnit.net 00:00:01.41]             ΓÇó world\locations\wilderness\catalog.json:158
[xUnit.net 00:00:01.41]         
[xUnit.net 00:00:01.41]         Reference: @items/materials:fire-gems
[xUnit.net 00:00:01.41]           Occurrences: 2
[xUnit.net 00:00:01.41]             ΓÇó world\environments\catalog.json:181
[xUnit.net 00:00:01.42]             ΓÇó world\locations\wilderness\catalog.json:317
[xUnit.net 00:00:01.42]         
[xUnit.net 00:00:01.42]         Reference: @items/materials:frozen-herbs
[xUnit.net 00:00:01.42]           Occurrences: 2
[xUnit.net 00:00:01.42]             ΓÇó world\environments\catalog.json:133
[xUnit.net 00:00:01.42]             ΓÇó world\locations\wilderness\catalog.json:202
[xUnit.net 00:00:01.42]         
[xUnit.net 00:00:01.42]         Reference: @items/materials:gems
[xUnit.net 00:00:01.42]           Occurrences: 3
[xUnit.net 00:00:01.42]             ΓÇó world\environments\catalog.json:86
[xUnit.net 00:00:01.42]             ΓÇó world\locations\wilderness\catalog.json:121
[xUnit.net 00:00:01.42]             ΓÇó world\locations\wilderness\catalog.json:183
[xUnit.net 00:00:01.42]         
[xUnit.net 00:00:01.42]         Reference: @items/materials:ice-shard
[xUnit.net 00:00:01.42]           Occurrences: 2
[xUnit.net 00:00:01.42]             ΓÇó world\environments\catalog.json:132
[xUnit.net 00:00:01.42]             ΓÇó world\locations\wilderness\catalog.json:201
[xUnit.net 00:00:01.42]         
[xUnit.net 00:00:01.42]         Reference: @items/materials:monster-parts
[xUnit.net 00:00:01.42]           Occurrences: 2
[xUnit.net 00:00:01.42]             ΓÇó world\environments\catalog.json:157
[xUnit.net 00:00:01.42]             ΓÇó world\locations\wilderness\catalog.json:274
[xUnit.net 00:00:01.42]         
[xUnit.net 00:00:01.42]         Reference: @items/materials:obsidian
[xUnit.net 00:00:01.42]           Occurrences: 2
[xUnit.net 00:00:01.42]             ΓÇó world\environments\catalog.json:180
[xUnit.net 00:00:01.42]             ΓÇó world\locations\wilderness\catalog.json:316
[xUnit.net 00:00:01.42]         
[xUnit.net 00:00:01.42]         Reference: @items/materials:poison-gland
[xUnit.net 00:00:01.42]           Occurrences: 3
[xUnit.net 00:00:01.42]             ΓÇó world\environments\catalog.json:108
[xUnit.net 00:00:01.42]             ΓÇó world\locations\wilderness\catalog.json:220
[xUnit.net 00:00:01.42]             ΓÇó world\locations\wilderness\catalog.json:354
[xUnit.net 00:00:01.42]         
[xUnit.net 00:00:01.42]         Reference: @items/materials:rare-metals
[xUnit.net 00:00:01.42]           Occurrences: 1
[xUnit.net 00:00:01.42]             ΓÇó world\locations\wilderness\catalog.json:256
[xUnit.net 00:00:01.42]         
[xUnit.net 00:00:01.42]         Reference: @items/materials:rare-minerals
[xUnit.net 00:00:01.42]           Occurrences: 3
[xUnit.net 00:00:01.42]             ΓÇó world\environments\catalog.json:62
[xUnit.net 00:00:01.42]             ΓÇó world\locations\wilderness\catalog.json:103
[xUnit.net 00:00:01.42]             ΓÇó world\locations\wilderness\catalog.json:293
[xUnit.net 00:00:01.42]         
[xUnit.net 00:00:01.42]         Reference: @items/materials:rift-shards
[xUnit.net 00:00:01.42]           Occurrences: 1
[xUnit.net 00:00:01.42]             ΓÇó world\locations\wilderness\catalog.json:292
[xUnit.net 00:00:01.42]         
[xUnit.net 00:00:01.42]         Reference: @items/materials:sand-glass
[xUnit.net 00:00:01.42]           Occurrences: 2
[xUnit.net 00:00:01.42]             ΓÇó world\environments\catalog.json:63
[xUnit.net 00:00:01.42]             ΓÇó world\locations\wilderness\catalog.json:102
[xUnit.net 00:00:01.42]         
[xUnit.net 00:00:01.42]         Reference: @items/materials:shells
[xUnit.net 00:00:01.42]           Occurrences: 1
[xUnit.net 00:00:01.42]             ΓÇó world\locations\wilderness\catalog.json:138
[xUnit.net 00:00:01.42]         
[xUnit.net 00:00:01.42]         Reference: @items/materials:sky-crystals
[xUnit.net 00:00:01.42]           Occurrences: 1
[xUnit.net 00:00:01.42]             ΓÇó world\locations\wilderness\catalog.json:255
[xUnit.net 00:00:01.42]         
[xUnit.net 00:00:01.42]         Reference: @items/materials:water-plants
[xUnit.net 00:00:01.42]           Occurrences: 1
[xUnit.net 00:00:01.42]             ΓÇó world\locations\wilderness\catalog.json:60
[xUnit.net 00:00:01.42]         
[xUnit.net 00:00:01.42]         Reference: @items/materials:wood
[xUnit.net 00:00:01.42]           Occurrences: 1
[xUnit.net 00:00:01.42]             ΓÇó world\environments\catalog.json:24
[xUnit.net 00:00:01.42]         
[xUnit.net 00:00:01.42]         Reference: @items/materials/metals:* 
[xUnit.net 00:00:01.42]           Occurrences: 17
[xUnit.net 00:00:01.42]             ΓÇó items\armor\names.json:1324
[xUnit.net 00:00:01.42]             ΓÇó items\armor\names.json:1361
[xUnit.net 00:00:01.42]             ΓÇó items\armor\names.json:1370
[xUnit.net 00:00:01.42]             ΓÇó items\armor\names.json:1377
[xUnit.net 00:00:01.42]             ΓÇó items\armor\names.json:1414
[xUnit.net 00:00:01.42]             ... and 12 more occurrences
[xUnit.net 00:00:01.42]         
[xUnit.net 00:00:01.42]         Reference: @items/materials/metals:* for armor
[xUnit.net 00:00:01.42]           Occurrences: 1
[xUnit.net 00:00:01.42]             ΓÇó items\armor\names.json:25
[xUnit.net 00:00:01.42]         
[xUnit.net 00:00:01.42]         Reference: @items/materials/metals:* for weapons
[xUnit.net 00:00:01.42]           Occurrences: 1
[xUnit.net 00:00:01.42]             ΓÇó items\weapons\names.json:26
[xUnit.net 00:00:01.42]         
[xUnit.net 00:00:01.42]         Reference: @items/materials/metals:*[itemTypeTraits.armor=true&rarityWeight>=100]
[xUnit.net 00:00:01.42]           Occurrences: 1
[xUnit.net 00:00:01.42]             ΓÇó items\armor\names.json:1444
[xUnit.net 00:00:01.42]         
[xUnit.net 00:00:01.42]         Reference: @items/materials/metals:*[itemTypeTraits.weapon=true&rarityWeight>=100]
[xUnit.net 00:00:01.42]           Occurrences: 1
[xUnit.net 00:00:01.42]             ΓÇó items\weapons\names.json:1487
[xUnit.net 00:00:01.42]         
[xUnit.net 00:00:01.42]         Reference: @items/misc:*
[xUnit.net 00:00:01.42]           Occurrences: 1
[xUnit.net 00:00:01.42]             ΓÇó organizations\shops\catalog.json:335
[xUnit.net 00:00:01.42]         
[xUnit.net 00:00:01.42]         Reference: @items/mounts:horse
[xUnit.net 00:00:01.42]           Occurrences: 1
[xUnit.net 00:00:01.42]             ΓÇó organizations\businesses\catalog.json:466
[xUnit.net 00:00:01.42]         
[xUnit.net 00:00:01.42]         Reference: @items/mounts:pony
[xUnit.net 00:00:01.42]           Occurrences: 1
[xUnit.net 00:00:01.42]             ΓÇó organizations\businesses\catalog.json:476
[xUnit.net 00:00:01.42]         
[xUnit.net 00:00:01.42]         Reference: @items/mounts:warhorse
[xUnit.net 00:00:01.42]           Occurrences: 1
[xUnit.net 00:00:01.42]             ΓÇó organizations\businesses\catalog.json:471
[xUnit.net 00:00:01.42]         
[xUnit.net 00:00:01.42]         Reference: @items/poisons:*
[xUnit.net 00:00:01.42]           Occurrences: 1
[xUnit.net 00:00:01.42]             ΓÇó organizations\shops\catalog.json:571
[xUnit.net 00:00:01.42]         
[xUnit.net 00:00:01.42]         Reference: @items/potions:*
[xUnit.net 00:00:01.42]           Occurrences: 3
[xUnit.net 00:00:01.42]             ΓÇó organizations\shops\catalog.json:198
[xUnit.net 00:00:01.42]             ΓÇó organizations\shops\catalog.json:203
[xUnit.net 00:00:01.42]             ΓÇó organizations\shops\catalog.json:208
[xUnit.net 00:00:01.42]         
[xUnit.net 00:00:01.42]         Reference: @items/reagents:*
[xUnit.net 00:00:01.42]           Occurrences: 1
[xUnit.net 00:00:01.42]             ΓÇó organizations\shops\catalog.json:266
[xUnit.net 00:00:01.42]         
[xUnit.net 00:00:01.42]         Reference: @items/scrolls:*
[xUnit.net 00:00:01.42]           Occurrences: 1
[xUnit.net 00:00:01.42]             ΓÇó organizations\shops\catalog.json:256
[xUnit.net 00:00:01.42]         
[xUnit.net 00:00:01.42]         Reference: @items/shields:*
[xUnit.net 00:00:01.42]           Occurrences: 1
[xUnit.net 00:00:01.42]             ΓÇó organizations\shops\catalog.json:149
[xUnit.net 00:00:01.42]         
[xUnit.net 00:00:01.42]         Reference: @items/stolen:*
[xUnit.net 00:00:01.42]           Occurrences: 1
[xUnit.net 00:00:01.42]             ΓÇó organizations\shops\catalog.json:561
[xUnit.net 00:00:01.42]         
[xUnit.net 00:00:01.42]         Reference: @items/supplies:*
[xUnit.net 00:00:01.42]           Occurrences: 5
[xUnit.net 00:00:01.42]             ΓÇó organizations\shops\catalog.json:320
[xUnit.net 00:00:01.42]             ΓÇó organizations\shops\catalog.json:325
[xUnit.net 00:00:01.42]             ΓÇó organizations\shops\catalog.json:330
[xUnit.net 00:00:01.42]             ΓÇó organizations\shops\catalog.json:377
[xUnit.net 00:00:01.42]             ΓÇó organizations\shops\catalog.json:387
[xUnit.net 00:00:01.42]         
[xUnit.net 00:00:01.42]         Reference: @items/wands:*
[xUnit.net 00:00:01.42]           Occurrences: 1
[xUnit.net 00:00:01.42]             ΓÇó organizations\shops\catalog.json:261
[xUnit.net 00:00:01.42]         
[xUnit.net 00:00:01.42]         Reference: @items/weapons:*
[xUnit.net 00:00:01.42]           Occurrences: 27
[xUnit.net 00:00:01.42]             ΓÇó quests\catalog.json:259
[xUnit.net 00:00:01.42]             ΓÇó organizations\shops\catalog.json:19
[xUnit.net 00:00:01.42]             ΓÇó organizations\shops\catalog.json:24
[xUnit.net 00:00:01.42]             ΓÇó organizations\shops\catalog.json:29
[xUnit.net 00:00:01.42]             ΓÇó organizations\shops\catalog.json:77
[xUnit.net 00:00:01.42]             ... and 22 more occurrences
[xUnit.net 00:00:01.42]         
[xUnit.net 00:00:01.42]         Reference: @items/weapons:ancient
[xUnit.net 00:00:01.42]           Occurrences: 1
[xUnit.net 00:00:01.42]             ΓÇó world\locations\wilderness\catalog.json:237
[xUnit.net 00:00:01.42]         
[xUnit.net 00:00:01.42]         Reference: @items/weapons/bows:shortbow
[xUnit.net 00:00:01.42]           Occurrences: 1
[xUnit.net 00:00:01.42]             ΓÇó npcs\craftsmen\catalog.json:338
[xUnit.net 00:00:01.42]         
[xUnit.net 00:00:01.42]         Reference: @items/weapons/daggers:iron-dagger
[xUnit.net 00:00:01.42]           Occurrences: 1
[xUnit.net 00:00:01.42]             ΓÇó npcs\craftsmen\catalog.json:139
[xUnit.net 00:00:01.42]         
[xUnit.net 00:00:01.42]         Reference: @items/weapons/swords:greatsword
[xUnit.net 00:00:01.42]           Occurrences: 1
[xUnit.net 00:00:01.42]             ΓÇó npcs\craftsmen\catalog.json:207
[xUnit.net 00:00:01.42]         
[xUnit.net 00:00:01.42]         Reference: @items/weapons/swords:longsword
[xUnit.net 00:00:01.42]           Occurrences: 2
[xUnit.net 00:00:01.42]             ΓÇó npcs\craftsmen\catalog.json:130
[xUnit.net 00:00:01.42]             ΓÇó npcs\craftsmen\catalog.json:203
[xUnit.net 00:00:01.42]         
[xUnit.net 00:00:01.42]         Reference: @npcs/artisans:*
[xUnit.net 00:00:01.42]           Occurrences: 3
[xUnit.net 00:00:01.42]             ΓÇó organizations\businesses\catalog.json:415
[xUnit.net 00:00:01.42]             ΓÇó organizations\businesses\catalog.json:702
[xUnit.net 00:00:01.42]             ΓÇó organizations\shops\catalog.json:475
[xUnit.net 00:00:01.42]         
[xUnit.net 00:00:01.42]         Reference: @npcs/clergy:*
[xUnit.net 00:00:01.42]           Occurrences: 1
[xUnit.net 00:00:01.42]             ΓÇó organizations\businesses\catalog.json:573
[xUnit.net 00:00:01.42]         
[xUnit.net 00:00:01.42]         Reference: @npcs/common:*
[xUnit.net 00:00:01.42]           Occurrences: 3
[xUnit.net 00:00:01.42]             ΓÇó quests\catalog.json:304
[xUnit.net 00:00:01.42]             ΓÇó quests\objectives.json:156
[xUnit.net 00:00:01.42]             ΓÇó organizations\factions\catalog.json:357
[xUnit.net 00:00:01.42]         
[xUnit.net 00:00:01.42]         Reference: @npcs/commoners:*
[xUnit.net 00:00:01.42]           Occurrences: 3
[xUnit.net 00:00:01.42]             ΓÇó organizations\businesses\catalog.json:58
[xUnit.net 00:00:01.42]             ΓÇó organizations\businesses\catalog.json:280
[xUnit.net 00:00:01.42]             ΓÇó organizations\businesses\catalog.json:499
[xUnit.net 00:00:01.42]         
[xUnit.net 00:00:01.42]         Reference: @npcs/craftsmen:*
[xUnit.net 00:00:01.42]           Occurrences: 4
[xUnit.net 00:00:01.42]             ΓÇó organizations\factions\catalog.json:59
[xUnit.net 00:00:01.42]             ΓÇó organizations\shops\catalog.json:53
[xUnit.net 00:00:01.42]             ΓÇó organizations\shops\catalog.json:168
[xUnit.net 00:00:01.42]             ΓÇó organizations\shops\catalog.json:532
[xUnit.net 00:00:01.42]         
[xUnit.net 00:00:01.42]         Reference: @npcs/criminal:*
[xUnit.net 00:00:01.42]           Occurrences: 3
[xUnit.net 00:00:01.42]             ΓÇó quests\objectives.json:413
[xUnit.net 00:00:01.42]             ΓÇó quests\objectives.json:528
[xUnit.net 00:00:01.42]             ΓÇó organizations\factions\catalog.json:99
[xUnit.net 00:00:01.42]         
[xUnit.net 00:00:01.42]         Reference: @npcs/criminals:*
[xUnit.net 00:00:01.42]           Occurrences: 2
[xUnit.net 00:00:01.42]             ΓÇó organizations\businesses\catalog.json:815
[xUnit.net 00:00:01.42]             ΓÇó organizations\shops\catalog.json:590
[xUnit.net 00:00:01.42]         
[xUnit.net 00:00:01.42]         Reference: @npcs/frontiersmen:*
[xUnit.net 00:00:01.42]           Occurrences: 1
[xUnit.net 00:00:01.42]             ΓÇó organizations\shops\catalog.json:411
[xUnit.net 00:00:01.42]         
[xUnit.net 00:00:01.42]         Reference: @npcs/mages:*
[xUnit.net 00:00:01.42]           Occurrences: 1
[xUnit.net 00:00:01.42]             ΓÇó organizations\shops\catalog.json:290
[xUnit.net 00:00:01.42]         
[xUnit.net 00:00:01.42]         Reference: @npcs/magical:*
[xUnit.net 00:00:01.42]           Occurrences: 2
[xUnit.net 00:00:01.42]             ΓÇó quests\catalog.json:342
[xUnit.net 00:00:01.42]             ΓÇó organizations\factions\catalog.json:241
[xUnit.net 00:00:01.42]         
[xUnit.net 00:00:01.42]         Reference: @npcs/masters:*
[xUnit.net 00:00:01.42]           Occurrences: 1
[xUnit.net 00:00:01.42]             ΓÇó organizations\shops\catalog.json:105
[xUnit.net 00:00:01.42]         
[xUnit.net 00:00:01.42]         Reference: @npcs/merchant:*
[xUnit.net 00:00:01.42]           Occurrences: 3
[xUnit.net 00:00:01.42]             ΓÇó quests\objectives.json:155
[xUnit.net 00:00:01.42]             ΓÇó quests\objectives.json:270
[xUnit.net 00:00:01.42]             ΓÇó quests\objectives.json:529
[xUnit.net 00:00:01.42]         
[xUnit.net 00:00:01.42]         Reference: @npcs/merchants:*
[xUnit.net 00:00:01.42]           Occurrences: 6
[xUnit.net 00:00:01.42]             ΓÇó quests\catalog.json:285
[xUnit.net 00:00:01.42]             ΓÇó organizations\businesses\catalog.json:132
[xUnit.net 00:00:01.42]             ΓÇó organizations\businesses\catalog.json:348
[xUnit.net 00:00:01.42]             ΓÇó organizations\businesses\catalog.json:644
[xUnit.net 00:00:01.42]             ΓÇó organizations\factions\catalog.json:18
[xUnit.net 00:00:01.42]             ... and 1 more occurrences
[xUnit.net 00:00:01.42]         
[xUnit.net 00:00:01.42]         Reference: @npcs/military:*
[xUnit.net 00:00:01.42]           Occurrences: 5
[xUnit.net 00:00:01.42]             ΓÇó quests\objectives.json:269
[xUnit.net 00:00:01.42]             ΓÇó quests\objectives.json:412
[xUnit.net 00:00:01.42]             ΓÇó organizations\factions\catalog.json:137
[xUnit.net 00:00:01.42]             ΓÇó organizations\factions\catalog.json:172
[xUnit.net 00:00:01.42]             ΓÇó organizations\factions\catalog.json:204
[xUnit.net 00:00:01.42]         
[xUnit.net 00:00:01.42]         Reference: @npcs/nobility:*
[xUnit.net 00:00:01.42]           Occurrences: 2
[xUnit.net 00:00:01.42]             ΓÇó organizations\businesses\catalog.json:208
[xUnit.net 00:00:01.42]             ΓÇó organizations\businesses\catalog.json:761
[xUnit.net 00:00:01.42]         
[xUnit.net 00:00:01.42]         Reference: @npcs/noble:*
[xUnit.net 00:00:01.42]           Occurrences: 6
[xUnit.net 00:00:01.42]             ΓÇó quests\catalog.json:323
[xUnit.net 00:00:01.42]             ΓÇó quests\objectives.json:154
[xUnit.net 00:00:01.42]             ΓÇó quests\objectives.json:268
[xUnit.net 00:00:01.42]             ΓÇó quests\objectives.json:414
[xUnit.net 00:00:01.42]             ΓÇó quests\objectives.json:527
[xUnit.net 00:00:01.42]             ... and 1 more occurrences
[xUnit.net 00:00:01.42]         
[xUnit.net 00:00:01.42]         Reference: @npcs/professionals:scholar
[xUnit.net 00:00:01.42]           Occurrences: 1
[xUnit.net 00:00:01.42]             ΓÇó organizations\factions\catalog.json:280
[xUnit.net 00:00:01.42]         
[xUnit.net 00:00:01.42]         Reference: @npcs/religious:*
[xUnit.net 00:00:01.42]           Occurrences: 2
[xUnit.net 00:00:01.42]             ΓÇó quests\catalog.json:361
[xUnit.net 00:00:01.42]             ΓÇó organizations\factions\catalog.json:320
[xUnit.net 00:00:01.42]         
[xUnit.net 00:00:01.42]         Reference: @npcs/scholars:*
[xUnit.net 00:00:01.42]           Occurrences: 1
[xUnit.net 00:00:01.42]             ΓÇó organizations\shops\catalog.json:232
[xUnit.net 00:00:01.42]         
[xUnit.net 00:00:01.42]         Reference: @npcs/service:*
[xUnit.net 00:00:01.42]           Occurrences: 1
[xUnit.net 00:00:01.42]             ΓÇó organizations\factions\catalog.json:358
[xUnit.net 00:00:01.42]         
[xUnit.net 00:00:01.42]         Reference: @organizations/factions:clergy
[xUnit.net 00:00:01.42]           Occurrences: 1
[xUnit.net 00:00:01.42]             ΓÇó organizations\businesses\catalog.json:589
[xUnit.net 00:00:01.42]         
[xUnit.net 00:00:01.42]         Reference: @organizations/factions:commoners
[xUnit.net 00:00:01.42]           Occurrences: 1
[xUnit.net 00:00:01.42]             ΓÇó world\regions\catalog.json:345
[xUnit.net 00:00:01.42]         
[xUnit.net 00:00:01.42]         Reference: @organizations/factions:fighters_guild
[xUnit.net 00:00:01.42]           Occurrences: 1
[xUnit.net 00:00:01.42]             ΓÇó organizations\businesses\catalog.json:775
[xUnit.net 00:00:01.42]         
[xUnit.net 00:00:01.42]         Reference: @organizations/factions:mages_circle
[xUnit.net 00:00:01.42]           Occurrences: 1
[xUnit.net 00:00:01.42]             ΓÇó world\regions\catalog.json:158
[xUnit.net 00:00:01.42]         
[xUnit.net 00:00:01.42]         Reference: @organizations/factions:merchants_guild
[xUnit.net 00:00:01.42]           Occurrences: 2
[xUnit.net 00:00:01.42]             ΓÇó organizations\businesses\catalog.json:659
[xUnit.net 00:00:01.42]             ΓÇó world\regions\catalog.json:197
[xUnit.net 00:00:01.42]         
[xUnit.net 00:00:01.42]         Reference: @organizations/factions:thieves_guild
[xUnit.net 00:00:01.42]           Occurrences: 1
[xUnit.net 00:00:01.42]             ΓÇó organizations\businesses\catalog.json:831
[xUnit.net 00:00:01.42]         
[xUnit.net 00:00:01.42]         Reference: @social/dialogue/greetings:cheerful
[xUnit.net 00:00:01.42]           Occurrences: 1
[xUnit.net 00:00:01.42]             ΓÇó npcs\craftsmen\catalog.json:372
[xUnit.net 00:00:01.42]         
[xUnit.net 00:00:01.42]         Reference: @social/dialogue/greetings:desperate
[xUnit.net 00:00:01.42]           Occurrences: 1
[xUnit.net 00:00:01.42]             ΓÇó npcs\common\catalog.json:361
[xUnit.net 00:00:01.42]         
[xUnit.net 00:00:01.42]         Reference: @social/dialogue/greetings:gruff-smith
[xUnit.net 00:00:01.42]           Occurrences: 1
[xUnit.net 00:00:01.42]             ΓÇó npcs\craftsmen\catalog.json:174
[xUnit.net 00:00:01.42]         
[xUnit.net 00:00:01.42]         Reference: @social/dialogue/greetings:merchant
[xUnit.net 00:00:01.42]           Occurrences: 3
[xUnit.net 00:00:01.42]             ΓÇó npcs\craftsmen\catalog.json:239
[xUnit.net 00:00:01.42]             ΓÇó npcs\craftsmen\catalog.json:305
[xUnit.net 00:00:01.42]             ΓÇó npcs\craftsmen\catalog.json:434
[xUnit.net 00:00:01.42]         
[xUnit.net 00:00:01.42]         Reference: @social/dialogue/greetings:pirate-rough
[xUnit.net 00:00:01.42]           Occurrences: 1
[xUnit.net 00:00:01.42]             ΓÇó npcs\criminal\catalog.json:230
[xUnit.net 00:00:01.42]         
[xUnit.net 00:00:01.42]         Reference: @social/dialogue/greetings:playful
[xUnit.net 00:00:01.42]           Occurrences: 1
[xUnit.net 00:00:01.42]             ΓÇó npcs\common\catalog.json:389
[xUnit.net 00:00:01.42]         
[xUnit.net 00:00:01.42]         Reference: @social/dialogue/greetings:simple
[xUnit.net 00:00:01.42]           Occurrences: 1
[xUnit.net 00:00:01.42]             ΓÇó npcs\common\catalog.json:334
[xUnit.net 00:00:01.42]         
[xUnit.net 00:00:01.42]         Reference: @social/dialogue/styles:cautious
[xUnit.net 00:00:01.42]           Occurrences: 6
[xUnit.net 00:00:01.42]             ΓÇó npcs\common\catalog.json:134
[xUnit.net 00:00:01.42]             ΓÇó npcs\common\catalog.json:167
[xUnit.net 00:00:01.42]             ΓÇó npcs\common\catalog.json:233
[xUnit.net 00:00:01.42]             ΓÇó npcs\common\catalog.json:359
[xUnit.net 00:00:01.42]             ΓÇó npcs\criminal\catalog.json:59
[xUnit.net 00:00:01.42]             ... and 1 more occurrences
[xUnit.net 00:00:01.42]         
[xUnit.net 00:00:01.42]         Reference: @social/dialogue/styles:grumpy
[xUnit.net 00:00:01.42]           Occurrences: 3
[xUnit.net 00:00:01.42]             ΓÇó npcs\common\catalog.json:85
[xUnit.net 00:00:01.42]             ΓÇó npcs\craftsmen\catalog.json:90
[xUnit.net 00:00:01.42]             ΓÇó npcs\craftsmen\catalog.json:172
[xUnit.net 00:00:01.42]         
[xUnit.net 00:00:01.42]         Reference: @social/dialogue/styles:hostile
[xUnit.net 00:00:01.42]           Occurrences: 3
[xUnit.net 00:00:01.42]             ΓÇó npcs\common\catalog.json:268
[xUnit.net 00:00:01.42]             ΓÇó npcs\criminal\catalog.json:228
[xUnit.net 00:00:01.42]             ΓÇó npcs\military\catalog.json:146
[xUnit.net 00:00:01.42]         
[xUnit.net 00:00:01.42]         Reference: @world/locations/dungeons/extreme:ShadowRealm
[xUnit.net 00:00:01.42]           Occurrences: 1
[xUnit.net 00:00:01.42]             ΓÇó organizations\guilds\catalog.json:378
[xUnit.net 00:00:01.42]         
[xUnit.net 00:00:01.42]         Reference: @world/locations/towns/cities:DeadwoodGrove
[xUnit.net 00:00:01.42]           Occurrences: 1
[xUnit.net 00:00:01.42]             ΓÇó world\regions\catalog.json:105
[xUnit.net 00:00:01.42]         
[xUnit.net 00:00:01.42]         Reference: @world/locations/towns/cities:GoldenSpire
[xUnit.net 00:00:01.42]           Occurrences: 1
[xUnit.net 00:00:01.42]             ΓÇó world\regions\catalog.json:17
[xUnit.net 00:00:01.42]         
[xUnit.net 00:00:01.42]         Reference: @world/locations/towns/towns:FrostPeak
[xUnit.net 00:00:01.42]           Occurrences: 1
[xUnit.net 00:00:01.42]             ΓÇó world\regions\catalog.json:60
[xUnit.net 00:00:01.42]         
[xUnit.net 00:00:01.42]         Reference: @world/locations/towns/towns:Silverport
[xUnit.net 00:00:01.42]           Occurrences: 2
[xUnit.net 00:00:01.42]             ΓÇó organizations\guilds\catalog.json:162
[xUnit.net 00:00:01.42]             ΓÇó world\regions\catalog.json:22
[xUnit.net 00:00:01.42]         
[xUnit.net 00:00:01.42]         Reference: @world/locations/towns/towns:Stormhaven
[xUnit.net 00:00:01.42]           Occurrences: 3
[xUnit.net 00:00:01.42]             ΓÇó organizations\guilds\catalog.json:16
[xUnit.net 00:00:01.42]             ΓÇó world\regions\catalog.json:362
[xUnit.net 00:00:01.42]             ΓÇó world\regions\catalog.json:367
[xUnit.net 00:00:01.42]         
[xUnit.net 00:00:01.42]         Reference: @world/locations/towns/towns:TheNexus
[xUnit.net 00:00:01.42]           Occurrences: 3
[xUnit.net 00:00:01.42]             ΓÇó organizations\guilds\catalog.json:90
[xUnit.net 00:00:01.42]             ΓÇó world\regions\catalog.json:250
[xUnit.net 00:00:01.42]             ΓÇó world\regions\catalog.json:255
[xUnit.net 00:00:01.42]         
[xUnit.net 00:00:01.43]   Finished:    RealmEngine.Data.Tests
  Failed RealmEngine.Data.Tests.Services.ReferenceValidationTests.Generate_Full_Reference_Report [253 ms]
  Error Message:
   Expected failureCount to be 0 because All 1509 references should resolve successfully. Found 638 failures. See test output for details., but found 638 (difference of 638).
  Stack Trace:
     at FluentAssertions.Execution.LateBoundTestFramework.Throw(String message)
   at FluentAssertions.Execution.DefaultAssertionStrategy.HandleFailure(String message)
   at FluentAssertions.Execution.AssertionScope.AddPreFormattedFailure(String formattedFailureMessage)
   at FluentAssertions.Execution.AssertionChain.FailWith(Func`1 getFailureReason)
   at FluentAssertions.Execution.AssertionChain.FailWith(Func`1 getFailureReason)
   at FluentAssertions.Execution.AssertionChain.FailWith(String message, Object[] args)
   at FluentAssertions.Numeric.NumericAssertionsBase`3.Be(T expected, String because, Object[] becauseArgs)
   at RealmEngine.Data.Tests.Services.ReferenceValidationTests.Generate_Full_Reference_Report() in C:\code\console-game\RealmEngine.Data.Tests\Services\ReferenceValidationTests.cs:line 240
--- End of stack trace from previous location ---
  Standard Output Messages:
 ΓòÉΓòÉΓòÉΓòÉΓòÉΓòÉΓòÉΓòÉΓòÉΓòÉΓòÉΓòÉΓòÉΓòÉΓòÉΓòÉΓòÉΓòÉΓòÉΓòÉΓòÉΓòÉΓòÉΓòÉΓòÉΓòÉΓòÉΓòÉΓòÉΓòÉΓòÉΓòÉΓòÉΓòÉΓòÉΓòÉΓòÉΓòÉΓòÉΓòÉΓòÉΓòÉΓòÉΓòÉΓòÉΓòÉΓòÉΓòÉΓòÉΓòÉΓòÉΓòÉΓòÉΓòÉΓòÉΓòÉΓòÉΓòÉΓòÉΓòÉΓòÉΓòÉΓòÉΓòÉ
 COMPLETE REFERENCE VALIDATION REPORT
 ΓòÉΓòÉΓòÉΓòÉΓòÉΓòÉΓòÉΓòÉΓòÉΓòÉΓòÉΓòÉΓòÉΓòÉΓòÉΓòÉΓòÉΓòÉΓòÉΓòÉΓòÉΓòÉΓòÉΓòÉΓòÉΓòÉΓòÉΓòÉΓòÉΓòÉΓòÉΓòÉΓòÉΓòÉΓòÉΓòÉΓòÉΓòÉΓòÉΓòÉΓòÉΓòÉΓòÉΓòÉΓòÉΓòÉΓòÉΓòÉΓòÉΓòÉΓòÉΓòÉΓòÉΓòÉΓòÉΓòÉΓòÉΓòÉΓòÉΓòÉΓòÉΓòÉΓòÉΓòÉ
 
 Total References:     1509
 Successful:           871 (57.7%)
 Failed:               638 (42.3%)
 
 ΓòÉΓòÉΓòÉΓòÉΓòÉΓòÉΓòÉΓòÉΓòÉΓòÉΓòÉΓòÉΓòÉΓòÉΓòÉΓòÉΓòÉΓòÉΓòÉΓòÉΓòÉΓòÉΓòÉΓòÉΓòÉΓòÉΓòÉΓòÉΓòÉΓòÉΓòÉΓòÉΓòÉΓòÉΓòÉΓòÉΓòÉΓòÉΓòÉΓòÉΓòÉΓòÉΓòÉΓòÉΓòÉΓòÉΓòÉΓòÉΓòÉΓòÉΓòÉΓòÉΓòÉΓòÉΓòÉΓòÉΓòÉΓòÉΓòÉΓòÉΓòÉΓòÉΓòÉΓòÉ
 FAILED REFERENCES (638 total)
 ΓòÉΓòÉΓòÉΓòÉΓòÉΓòÉΓòÉΓòÉΓòÉΓòÉΓòÉΓòÉΓòÉΓòÉΓòÉΓòÉΓòÉΓòÉΓòÉΓòÉΓòÉΓòÉΓòÉΓòÉΓòÉΓòÉΓòÉΓòÉΓòÉΓòÉΓòÉΓòÉΓòÉΓòÉΓòÉΓòÉΓòÉΓòÉΓòÉΓòÉΓòÉΓòÉΓòÉΓòÉΓòÉΓòÉΓòÉΓòÉΓòÉΓòÉΓòÉΓòÉΓòÉΓòÉΓòÉΓòÉΓòÉΓòÉΓòÉΓòÉΓòÉΓòÉΓòÉΓòÉ
 
 Reference: @abilities/active/defensive:antimagic-cone
   Occurrences: 1
     ΓÇó enemies\demons\catalog.json:436
 
 Reference: @abilities/active/defensive:bone-shield
   Occurrences: 1
     ΓÇó enemies\undead\catalog.json:122
 
 Reference: @abilities/active/defensive:fire-aura
   Occurrences: 5
     ΓÇó enemies\demons\catalog.json:356
     ΓÇó enemies\demons\catalog.json:386
     ΓÇó enemies\elementals\catalog.json:49
     ΓÇó enemies\elementals\catalog.json:100
     ΓÇó enemies\insects\catalog.json:203
 
 Reference: @abilities/active/defensive:phase
   Occurrences: 1
     ΓÇó enemies\insects\catalog.json:78
 
 Reference: @abilities/active/defensive:shadow-meld
   Occurrences: 1
     ΓÇó enemies\demons\catalog.json:69
 
 Reference: @abilities/active/mobility:aerial-dodge
   Occurrences: 1
     ΓÇó enemies\insects\catalog.json:320
 
 Reference: @abilities/active/mobility:blink
   Occurrences: 1
     ΓÇó enemies\insects\catalog.json:82
 
 Reference: @abilities/active/mobility:mist-form
   Occurrences: 6
     ΓÇó enemies\vampires\catalog.json:141
     ΓÇó enemies\vampires\catalog.json:222
     ΓÇó enemies\vampires\catalog.json:268
     ΓÇó enemies\vampires\catalog.json:297
     ΓÇó enemies\vampires\catalog.json:327
     ... and 1 more occurrences
 
 Reference: @abilities/active/mobility:stealth
   Occurrences: 2
     ΓÇó enemies\beasts\catalog.json:287
     ΓÇó enemies\reptilians\catalog.json:72
 
 Reference: @abilities/active/offensive:acid-spray
   Occurrences: 2
     ΓÇó enemies\insects\catalog.json:225
     ΓÇó enemies\plants\catalog.json:77
 
 Reference: @abilities/active/offensive:ambush
   Occurrences: 2
     ΓÇó enemies\beasts\catalog.json:290
     ΓÇó enemies\insects\catalog.json:341
 
 Reference: @abilities/active/offensive:banshee-wail
   Occurrences: 1
     ΓÇó enemies\undead\catalog.json:301
 
 Reference: @abilities/active/offensive:bear-hug
   Occurrences: 1
     ΓÇó enemies\beasts\catalog.json:134
 
 Reference: @abilities/active/offensive:blood-magic
   Occurrences: 10
     ΓÇó enemies\vampires\catalog.json:51
     ΓÇó enemies\vampires\catalog.json:97
     ΓÇó enemies\vampires\catalog.json:139
     ΓÇó enemies\vampires\catalog.json:168
     ΓÇó enemies\vampires\catalog.json:193
     ... and 5 more occurrences
 
 Reference: @abilities/active/offensive:boulder-toss
   Occurrences: 1
     ΓÇó enemies\trolls\catalog.json:91
 
 Reference: @abilities/active/offensive:branch-strike
   Occurrences: 1
     ΓÇó enemies\plants\catalog.json:336
 
 Reference: @abilities/active/offensive:charge
   Occurrences: 2
     ΓÇó enemies\beasts\catalog.json:451
     ΓÇó enemies\insects\catalog.json:177
 
 Reference: @abilities/active/offensive:constrict
   Occurrences: 3
     ΓÇó enemies\beasts\catalog.json:355
     ΓÇó enemies\reptilians\catalog.json:306
     ΓÇó enemies\reptilians\catalog.json:328
 
 Reference: @abilities/active/offensive:crush
   Occurrences: 1
     ΓÇó enemies\plants\catalog.json:102
 
 Reference: @abilities/active/offensive:curse-of-ages
   Occurrences: 1
     ΓÇó enemies\undead\catalog.json:411
 
 Reference: @abilities/active/offensive:death-roll
   Occurrences: 1
     ΓÇó enemies\beasts\catalog.json:380
 
 Reference: @abilities/active/offensive:death-song
   Occurrences: 1
     ΓÇó enemies\undead\catalog.json:306
 
 Reference: @abilities/active/offensive:death-spores
   Occurrences: 1
     ΓÇó enemies\plants\catalog.json:314
 
 Reference: @abilities/active/offensive:decapitate
   Occurrences: 1
     ΓÇó enemies\insects\catalog.json:345
 
 Reference: @abilities/active/offensive:devour
   Occurrences: 1
     ΓÇó enemies\plants\catalog.json:128
 
 Reference: @abilities/active/offensive:disease-cloud
   Occurrences: 2
     ΓÇó enemies\undead\catalog.json:86
     ΓÇó enemies\undead\catalog.json:150
 
 Reference: @abilities/active/offensive:disintegration-ray
   Occurrences: 1
     ΓÇó enemies\demons\catalog.json:435
 
 Reference: @abilities/active/offensive:dive-attack
   Occurrences: 1
     ΓÇó enemies\insects\catalog.json:295
 
 Reference: @abilities/active/offensive:earthquake-stomp
   Occurrences: 4
     ΓÇó enemies\beasts\catalog.json:217
     ΓÇó enemies\elementals\catalog.json:210
     ΓÇó enemies\elementals\catalog.json:242
     ΓÇó enemies\trolls\catalog.json:71
 
 Reference: @abilities/active/offensive:engulf
   Occurrences: 1
     ΓÇó enemies\plants\catalog.json:260
 
 Reference: @abilities/active/offensive:eye-ray
   Occurrences: 1
     ΓÇó enemies\demons\catalog.json:434
 
 Reference: @abilities/active/offensive:fire-blast
   Occurrences: 6
     ΓÇó enemies\demons\catalog.json:48
     ΓÇó enemies\demons\catalog.json:109
     ΓÇó enemies\demons\catalog.json:230
     ΓÇó enemies\demons\catalog.json:325
     ΓÇó enemies\elementals\catalog.json:45
     ... and 1 more occurrences
 
 Reference: @abilities/active/offensive:fire-breath
   Occurrences: 2
     ΓÇó enemies\demons\catalog.json:162
     ΓÇó enemies\insects\catalog.json:199
 
 Reference: @abilities/active/offensive:flame-strike
   Occurrences: 2
     ΓÇó enemies\elementals\catalog.json:388
     ΓÇó enemies\trolls\catalog.json:188
 
 Reference: @abilities/active/offensive:flame-whip
   Occurrences: 2
     ΓÇó enemies\demons\catalog.json:355
     ΓÇó enemies\elementals\catalog.json:73
 
 Reference: @abilities/active/offensive:frost-bite
   Occurrences: 1
     ΓÇó enemies\beasts\catalog.json:86
 
 Reference: @abilities/active/offensive:frost-bolt
   Occurrences: 3
     ΓÇó enemies\elementals\catalog.json:142
     ΓÇó enemies\elementals\catalog.json:170
     ΓÇó enemies\trolls\catalog.json:152
 
 Reference: @abilities/active/offensive:gore
   Occurrences: 1
     ΓÇó enemies\beasts\catalog.json:450
 
 Reference: @abilities/active/offensive:grab
   Occurrences: 4
     ΓÇó enemies\beasts\catalog.json:376
     ΓÇó enemies\plants\catalog.json:98
     ΓÇó enemies\plants\catalog.json:123
     ΓÇó enemies\undead\catalog.json:46
 
 Reference: @abilities/active/offensive:gust
   Occurrences: 2
     ΓÇó enemies\elementals\catalog.json:305
     ΓÇó enemies\elementals\catalog.json:333
 
 Reference: @abilities/active/offensive:hellfire
   Occurrences: 7
     ΓÇó enemies\demons\catalog.json:113
     ΓÇó enemies\demons\catalog.json:235
     ΓÇó enemies\demons\catalog.json:326
     ΓÇó enemies\demons\catalog.json:354
     ΓÇó enemies\demons\catalog.json:384
     ... and 2 more occurrences
 
 Reference: @abilities/active/offensive:ice-breath
   Occurrences: 2
     ΓÇó enemies\beasts\catalog.json:91
     ΓÇó enemies\trolls\catalog.json:157
 
 Reference: @abilities/active/offensive:infernal-charge
   Occurrences: 1
     ΓÇó enemies\demons\catalog.json:166
 
 Reference: @abilities/active/offensive:javelin-throw
   Occurrences: 1
     ΓÇó enemies\reptilians\catalog.json:164
 
 Reference: @abilities/active/offensive:life-steal
   Occurrences: 2
     ΓÇó enemies\undead\catalog.json:192
     ΓÇó enemies\undead\catalog.json:348
 
 Reference: @abilities/active/offensive:mandible-crush
   Occurrences: 1
     ΓÇó enemies\insects\catalog.json:408
 
 Reference: @abilities/active/offensive:maul
   Occurrences: 4
     ΓÇó enemies\beasts\catalog.json:127
     ΓÇó enemies\beasts\catalog.json:159
     ΓÇó enemies\beasts\catalog.json:183
     ΓÇó enemies\beasts\catalog.json:212
 
 Reference: @abilities/active/offensive:meteor-strike
   Occurrences: 2
     ΓÇó enemies\demons\catalog.json:385
     ΓÇó enemies\orcs\catalog.json:194
 
 Reference: @abilities/active/offensive:multi-attack
   Occurrences: 1
     ΓÇó enemies\demons\catalog.json:415
 
 Reference: @abilities/active/offensive:mummy-rot
   Occurrences: 1
     ΓÇó enemies\undead\catalog.json:407
 
 Reference: @abilities/active/offensive:necrotic-burst
   Occurrences: 1
     ΓÇó enemies\undead\catalog.json:153
 
 Reference: @abilities/active/offensive:nightmare-aura
   Occurrences: 1
     ΓÇó enemies\demons\catalog.json:191
 
 Reference: @abilities/active/offensive:paralysis-touch
   Occurrences: 2
     ΓÇó enemies\undead\catalog.json:83
     ΓÇó enemies\undead\catalog.json:146
 
 Reference: @abilities/active/offensive:parry
   Occurrences: 1
     ΓÇó enemies\demons\catalog.json:416
 
 Reference: @abilities/active/offensive:petrifying-gaze
   Occurrences: 1
     ΓÇó enemies\reptilians\catalog.json:394
 
 Reference: @abilities/active/offensive:plague-touch
   Occurrences: 1
     ΓÇó enemies\vampires\catalog.json:358
 
 Reference: @abilities/active/offensive:poison-bite
   Occurrences: 11
     ΓÇó enemies\beasts\catalog.json:351
     ΓÇó enemies\beasts\catalog.json:430
     ΓÇó enemies\insects\catalog.json:54
     ΓÇó enemies\insects\catalog.json:77
     ΓÇó enemies\insects\catalog.json:104
     ... and 6 more occurrences
 
 Reference: @abilities/active/offensive:poison-sting
   Occurrences: 3
     ΓÇó enemies\beasts\catalog.json:401
     ΓÇó enemies\insects\catalog.json:268
     ΓÇó enemies\insects\catalog.json:290
 
 Reference: @abilities/active/offensive:poisoned-blade
   Occurrences: 1
     ΓÇó enemies\goblinoids\catalog.json:304
 
 Reference: @abilities/active/offensive:possession
   Occurrences: 1
     ΓÇó enemies\undead\catalog.json:223
 
 Reference: @abilities/active/offensive:pounce
   Occurrences: 4
     ΓÇó enemies\beasts\catalog.json:68
     ΓÇó enemies\beasts\catalog.json:255
     ΓÇó enemies\beasts\catalog.json:283
     ΓÇó enemies\beasts\catalog.json:316
 
 Reference: @abilities/active/offensive:rake
   Occurrences: 1
     ΓÇó enemies\beasts\catalog.json:259
 
 Reference: @abilities/active/offensive:rend
   Occurrences: 4
     ΓÇó enemies\beasts\catalog.json:188
     ΓÇó enemies\trolls\catalog.json:51
     ΓÇó enemies\trolls\catalog.json:257
     ΓÇó enemies\trolls\catalog.json:317
 
 Reference: @abilities/active/offensive:rock-throw
   Occurrences: 5
     ΓÇó enemies\elementals\catalog.json:209
     ΓÇó enemies\elementals\catalog.json:265
     ΓÇó enemies\plants\catalog.json:282
     ΓÇó enemies\plants\catalog.json:377
     ΓÇó enemies\plants\catalog.json:409
 
 Reference: @abilities/active/offensive:shadow-bolt
   Occurrences: 2
     ΓÇó enemies\demons\catalog.json:68
     ΓÇó enemies\demons\catalog.json:187
 
 Reference: @abilities/active/offensive:shadow-step
   Occurrences: 5
     ΓÇó enemies\demons\catalog.json:73
     ΓÇó enemies\goblinoids\catalog.json:125
     ΓÇó enemies\goblinoids\catalog.json:303
     ΓÇó enemies\goblinoids\catalog.json:326
     ΓÇó enemies\goblinoids\catalog.json:365
 
 Reference: @abilities/active/offensive:shapeshifting
   Occurrences: 5
     ΓÇó enemies\vampires\catalog.json:145
     ΓÇó enemies\vampires\catalog.json:223
     ΓÇó enemies\vampires\catalog.json:269
     ΓÇó enemies\vampires\catalog.json:298
     ΓÇó enemies\vampires\catalog.json:328
 
 Reference: @abilities/active/offensive:slam
   Occurrences: 8
     ΓÇó enemies\elementals\catalog.json:237
     ΓÇó enemies\plants\catalog.json:254
     ΓÇó enemies\plants\catalog.json:281
     ΓÇó enemies\plants\catalog.json:335
     ΓÇó enemies\plants\catalog.json:376
     ... and 3 more occurrences
 
 Reference: @abilities/active/offensive:soul-rend
   Occurrences: 1
     ΓÇó enemies\undead\catalog.json:195
 
 Reference: @abilities/active/offensive:spectral-touch
   Occurrences: 1
     ΓÇó enemies\undead\catalog.json:251
 
 Reference: @abilities/active/offensive:spore-cloud
   Occurrences: 2
     ΓÇó enemies\demons\catalog.json:141
     ΓÇó enemies\plants\catalog.json:309
 
 Reference: @abilities/active/offensive:sting
   Occurrences: 3
     ΓÇó enemies\beasts\catalog.json:400
     ΓÇó enemies\insects\catalog.json:263
     ΓÇó enemies\insects\catalog.json:289
 
 Reference: @abilities/active/offensive:stone-touch
   Occurrences: 1
     ΓÇó enemies\reptilians\catalog.json:398
 
 Reference: @abilities/active/offensive:suggestion
   Occurrences: 2
     ΓÇó enemies\reptilians\catalog.json:280
     ΓÇó enemies\vampires\catalog.json:101
 
 Reference: @abilities/active/offensive:terror-scream
   Occurrences: 1
     ΓÇó enemies\undead\catalog.json:226
 
 Reference: @abilities/active/offensive:thorn-spray
   Occurrences: 3
     ΓÇó enemies\plants\catalog.json:163
     ΓÇó enemies\plants\catalog.json:188
     ΓÇó enemies\plants\catalog.json:213
 
 Reference: @abilities/active/offensive:thorn-volley
   Occurrences: 1
     ΓÇó enemies\plants\catalog.json:219
 
 Reference: @abilities/active/offensive:trample
   Occurrences: 1
     ΓÇó enemies\beasts\catalog.json:455
 
 Reference: @abilities/active/offensive:vengeful-strike
   Occurrences: 1
     ΓÇó enemies\undead\catalog.json:375
 
 Reference: @abilities/active/offensive:venom-strike
   Occurrences: 1
     ΓÇó enemies\insects\catalog.json:109
 
 Reference: @abilities/active/offensive:vine-whip
   Occurrences: 1
     ΓÇó enemies\plants\catalog.json:48
 
 Reference: @abilities/active/summon:summon-scarabs
   Occurrences: 1
     ΓÇó enemies\undead\catalog.json:414
 
 Reference: @abilities/active/support:animate-trees
   Occurrences: 3
     ΓÇó enemies\plants\catalog.json:283
     ΓÇó enemies\plants\catalog.json:378
     ΓÇó enemies\plants\catalog.json:410
 
 Reference: @abilities/active/support:battle-rage
   Occurrences: 4
     ΓÇó enemies\orcs\catalog.json:70
     ΓÇó enemies\orcs\catalog.json:96
     ΓÇó enemies\orcs\catalog.json:121
     ΓÇó enemies\orcs\catalog.json:347
 
 Reference: @abilities/active/support:burrow
   Occurrences: 1
     ΓÇó enemies\elementals\catalog.json:266
 
 Reference: @abilities/active/support:chain-lightning
   Occurrences: 3
     ΓÇó enemies\elementals\catalog.json:359
     ΓÇó enemies\orcs\catalog.json:190
     ΓÇó enemies\reptilians\catalog.json:371
 
 Reference: @abilities/active/support:charm
   Occurrences: 14
     ΓÇó enemies\demons\catalog.json:256
     ΓÇó enemies\demons\catalog.json:281
     ΓÇó enemies\reptilians\catalog.json:276
     ΓÇó enemies\reptilians\catalog.json:302
     ΓÇó enemies\reptilians\catalog.json:329
     ... and 9 more occurrences
 
 Reference: @abilities/active/support:coordinated-attack
   Occurrences: 1
     ΓÇó enemies\beasts\catalog.json:71
 
 Reference: @abilities/active/support:devils-contract
   Occurrences: 1
     ΓÇó enemies\demons\catalog.json:231
 
 Reference: @abilities/active/support:dominate
   Occurrences: 2
     ΓÇó enemies\vampires\catalog.json:299
     ΓÇó enemies\vampires\catalog.json:329
 
 Reference: @abilities/active/support:entangle
   Occurrences: 6
     ΓÇó enemies\plants\catalog.json:52
     ΓÇó enemies\plants\catalog.json:73
     ΓÇó enemies\plants\catalog.json:124
     ΓÇó enemies\plants\catalog.json:168
     ΓÇó enemies\plants\catalog.json:215
     ... and 1 more occurrences
 
 Reference: @abilities/active/support:ethereal-jaunt
   Occurrences: 2
     ΓÇó enemies\demons\catalog.json:260
     ΓÇó enemies\demons\catalog.json:285
 
 Reference: @abilities/active/support:hallucination-spores
   Occurrences: 1
     ΓÇó enemies\plants\catalog.json:310
 
 Reference: @abilities/active/support:haste
   Occurrences: 1
     ΓÇó enemies\elementals\catalog.json:338
 
 Reference: @abilities/active/support:healing-waters
   Occurrences: 1
     ΓÇó enemies\elementals\catalog.json:175
 
 Reference: @abilities/active/support:mana-shield
   Occurrences: 1
     ΓÇó enemies\goblinoids\catalog.json:100
 
 Reference: @abilities/active/support:rally
   Occurrences: 8
     ΓÇó enemies\goblinoids\catalog.json:209
     ΓÇó enemies\goblinoids\catalog.json:236
     ΓÇó enemies\goblinoids\catalog.json:366
     ΓÇó enemies\orcs\catalog.json:217
     ΓÇó enemies\orcs\catalog.json:244
     ... and 3 more occurrences
 
 Reference: @abilities/active/support:roar
   Occurrences: 5
     ΓÇó enemies\beasts\catalog.json:131
     ΓÇó enemies\beasts\catalog.json:162
     ΓÇó enemies\beasts\catalog.json:184
     ΓÇó enemies\beasts\catalog.json:213
     ΓÇó enemies\beasts\catalog.json:312
 
 Reference: @abilities/active/support:root-grasp
   Occurrences: 1
     ΓÇó enemies\plants\catalog.json:340
 
 Reference: @abilities/active/support:snare
   Occurrences: 1
     ΓÇó enemies\reptilians\catalog.json:101
 
 Reference: @abilities/active/support:stunning-screech
   Occurrences: 1
     ΓÇó enemies\demons\catalog.json:137
 
 Reference: @abilities/active/support:summon-ants
   Occurrences: 1
     ΓÇó enemies\insects\catalog.json:431
 
 Reference: @abilities/active/support:swarm-tactics
   Occurrences: 3
     ΓÇó enemies\insects\catalog.json:382
     ΓÇó enemies\insects\catalog.json:404
     ΓÇó enemies\insects\catalog.json:430
 
 Reference: @abilities/active/support:thorn-barrier
   Occurrences: 1
     ΓÇó enemies\plants\catalog.json:193
 
 Reference: @abilities/active/support:tidal-wave
   Occurrences: 1
     ΓÇó enemies\elementals\catalog.json:143
 
 Reference: @abilities/active/support:trap
   Occurrences: 1
     ΓÇó enemies\reptilians\catalog.json:97
 
 Reference: @abilities/active/support:undying-rage
   Occurrences: 1
     ΓÇó enemies\undead\catalog.json:383
 
 Reference: @abilities/active/support:water-shield
   Occurrences: 1
     ΓÇó enemies\elementals\catalog.json:147
 
 Reference: @abilities/active/support:web
   Occurrences: 4
     ΓÇó enemies\beasts\catalog.json:426
     ΓÇó enemies\insects\catalog.json:50
     ΓÇó enemies\insects\catalog.json:105
     ΓÇó enemies\insects\catalog.json:132
 
 Reference: @abilities/active/support:web-trap
   Occurrences: 1
     ΓÇó enemies\insects\catalog.json:136
 
 Reference: @abilities/active/support:whirlwind
   Occurrences: 2
     ΓÇó enemies\elementals\catalog.json:310
     ΓÇó enemies\elementals\catalog.json:360
 
 Reference: @abilities/active/utility:invisibility
   Occurrences: 1
     ΓÇó enemies\undead\catalog.json:254
 
 Reference: @abilities/active/utility:phase
   Occurrences: 5
     ΓÇó enemies\undead\catalog.json:188
     ΓÇó enemies\undead\catalog.json:219
     ΓÇó enemies\undead\catalog.json:247
     ΓÇó enemies\undead\catalog.json:278
     ΓÇó enemies\undead\catalog.json:302
 
 Reference: @abilities/category:name
   Occurrences: 4
     ΓÇó enemies\beasts\catalog.json:12
     ΓÇó enemies\dragons\catalog.json:12
     ΓÇó enemies\humanoids\catalog.json:12
     ΓÇó enemies\undead\catalog.json:12
 
 Reference: @abilities/ultimate/ultimate:ancient-bloodline
   Occurrences: 1
     ΓÇó enemies\vampires\catalog.json:273
 
 Reference: @abilities/ultimate/ultimate:assassinate
   Occurrences: 2
     ΓÇó enemies\goblinoids\catalog.json:330
     ΓÇó enemies\goblinoids\catalog.json:371
 
 Reference: @abilities/ultimate/ultimate:avatar-of-war
   Occurrences: 5
     ΓÇó enemies\orcs\catalog.json:252
     ΓÇó enemies\orcs\catalog.json:297
     ΓÇó enemies\orcs\catalog.json:354
     ΓÇó enemies\trolls\catalog.json:293
     ΓÇó enemies\trolls\catalog.json:327
 
 Reference: @abilities/ultimate/ultimate:blade-storm
   Occurrences: 1
     ΓÇó enemies\demons\catalog.json:420
 
 Reference: @abilities/ultimate/ultimate:blood-god
   Occurrences: 1
     ΓÇó enemies\vampires\catalog.json:334
 
 Reference: @abilities/ultimate/ultimate:blood-lord
   Occurrences: 1
     ΓÇó enemies\vampires\catalog.json:227
 
 Reference: @abilities/ultimate/ultimate:crimson-throne
   Occurrences: 1
     ΓÇó enemies\vampires\catalog.json:303
 
 Reference: @abilities/ultimate/ultimate:death-ray
   Occurrences: 1
     ΓÇó enemies\demons\catalog.json:440
 
 Reference: @abilities/ultimate/ultimate:demon-lord
   Occurrences: 3
     ΓÇó enemies\demons\catalog.json:333
     ΓÇó enemies\demons\catalog.json:363
     ΓÇó enemies\demons\catalog.json:394
 
 Reference: @abilities/ultimate/ultimate:devastating-blow
   Occurrences: 1
     ΓÇó enemies\reptilians\catalog.json:240
 
 Reference: @abilities/ultimate/ultimate:earthquake
   Occurrences: 1
     ΓÇó enemies\elementals\catalog.json:217
 
 Reference: @abilities/ultimate/ultimate:eternal-vengeance
   Occurrences: 1
     ΓÇó enemies\undead\catalog.json:386
 
 Reference: @abilities/ultimate/ultimate:forest-guardian
   Occurrences: 3
     ΓÇó enemies\plants\catalog.json:287
     ΓÇó enemies\plants\catalog.json:383
     ΓÇó enemies\plants\catalog.json:416
 
 Reference: @abilities/ultimate/ultimate:hive-mind
   Occurrences: 1
     ΓÇó enemies\insects\catalog.json:435
 
 Reference: @abilities/ultimate/ultimate:inferno
   Occurrences: 8
     ΓÇó enemies\demons\catalog.json:116
     ΓÇó enemies\demons\catalog.json:330
     ΓÇó enemies\demons\catalog.json:360
     ΓÇó enemies\demons\catalog.json:390
     ΓÇó enemies\elementals\catalog.json:52
     ... and 3 more occurrences
 
 Reference: @abilities/ultimate/ultimate:plague-lord
   Occurrences: 1
     ΓÇó enemies\undead\catalog.json:417
 
 Reference: @abilities/ultimate/ultimate:primal-fury
   Occurrences: 3
     ΓÇó enemies\beasts\catalog.json:223
     ΓÇó enemies\trolls\catalog.json:264
     ΓÇó enemies\trolls\catalog.json:324
 
 Reference: @abilities/ultimate/ultimate:progenitors-blessing
   Occurrences: 1
     ΓÇó enemies\vampires\catalog.json:333
 
 Reference: @abilities/ultimate/ultimate:serpent-lord
   Occurrences: 1
     ΓÇó enemies\reptilians\catalog.json:333
 
 Reference: @abilities/ultimate/ultimate:shadow-lord
   Occurrences: 1
     ΓÇó enemies\vampires\catalog.json:362
 
 Reference: @abilities/ultimate/ultimate:soul-reaver
   Occurrences: 1
     ΓÇó enemies\undead\catalog.json:309
 
 Reference: @abilities/ultimate/ultimate:spider-queen
   Occurrences: 1
     ΓÇó enemies\insects\catalog.json:139
 
 Reference: @abilities/ultimate/ultimate:supernova
   Occurrences: 1
     ΓÇó enemies\elementals\catalog.json:397
 
 Reference: @abilities/ultimate/ultimate:tsunami
   Occurrences: 1
     ΓÇó enemies\elementals\catalog.json:150
 
 Reference: @abilities/ultimate/ultimate:vampiric-ascension
   Occurrences: 1
     ΓÇó enemies\vampires\catalog.json:199
 
 Reference: @abilities/ultimate/ultimate:vampiric-aura
   Occurrences: 1
     ΓÇó enemies\vampires\catalog.json:172
 
 Reference: @abilities/ultimate/ultimate:winter-storm
   Occurrences: 1
     ΓÇó enemies\beasts\catalog.json:94
 
 Reference: @abilities/ultimate/ultimate:wish
   Occurrences: 3
     ΓÇó enemies\demons\catalog.json:391
     ΓÇó enemies\elementals\catalog.json:107
     ΓÇó enemies\elementals\catalog.json:367
 
 Reference: @items/ammunition:*
   Occurrences: 2
     ΓÇó organizations\shops\catalog.json:508
     ΓÇó organizations\shops\catalog.json:513
 
 Reference: @items/ammunition/arrows:basic-arrows
   Occurrences: 1
     ΓÇó npcs\craftsmen\catalog.json:333
 
 Reference: @items/armor:*
   Occurrences: 14
     ΓÇó organizations\shops\catalog.json:34
     ΓÇó organizations\shops\catalog.json:134
     ΓÇó organizations\shops\catalog.json:139
     ΓÇó organizations\shops\catalog.json:144
     ΓÇó quests\rewards\catalog.json:49
     ... and 9 more occurrences
 
 Reference: @items/armor:ancient
   Occurrences: 1
     ΓÇó world\locations\wilderness\catalog.json:238
 
 Reference: @items/armor/heavy:plate-armor
   Occurrences: 1
     ΓÇó npcs\craftsmen\catalog.json:272
 
 Reference: @items/armor/light:leather-armor
   Occurrences: 1
     ΓÇó npcs\craftsmen\catalog.json:400
 
 Reference: @items/armor/medium:chainmail
   Occurrences: 2
     ΓÇó npcs\craftsmen\catalog.json:134
     ΓÇó npcs\craftsmen\catalog.json:268
 
 Reference: @items/books/common:basic-book
   Occurrences: 1
     ΓÇó npcs\professionals\catalog.json:447
 
 Reference: @items/books/rare:ancient-tome
   Occurrences: 1
     ΓÇó npcs\professionals\catalog.json:513
 
 Reference: @items/consumables:*
   Occurrences: 16
     ΓÇó quests\catalog.json:142
     ΓÇó quests\catalog.json:219
     ΓÇó world\locations\dungeons\catalog.json:25
     ΓÇó world\locations\dungeons\catalog.json:42
     ΓÇó world\locations\dungeons\catalog.json:59
     ... and 11 more occurrences
 
 Reference: @items/consumables:fish
   Occurrences: 2
     ΓÇó world\locations\wilderness\catalog.json:59
     ΓÇó world\locations\wilderness\catalog.json:139
 
 Reference: @items/consumables:wild-game
   Occurrences: 1
     ΓÇó world\environments\catalog.json:44
 
 Reference: @items/consumables/drinks:ale
   Occurrences: 2
     ΓÇó npcs\service\catalog.json:50
     ΓÇó npcs\service\catalog.json:119
 
 Reference: @items/consumables/drinks:wine
   Occurrences: 1
     ΓÇó npcs\service\catalog.json:124
 
 Reference: @items/consumables/feed:hay
   Occurrences: 1
     ΓÇó npcs\service\catalog.json:267
 
 Reference: @items/consumables/food:bread
   Occurrences: 2
     ΓÇó npcs\service\catalog.json:55
     ΓÇó npcs\service\catalog.json:194
 
 Reference: @items/consumables/food:pie
   Occurrences: 1
     ΓÇó npcs\service\catalog.json:199
 
 Reference: @items/consumables/food:rations
   Occurrences: 1
     ΓÇó npcs\merchants\catalog.json:61
 
 Reference: @items/consumables/food:stew
   Occurrences: 1
     ΓÇó npcs\service\catalog.json:60
 
 Reference: @items/consumables/herbs:healing-herb
   Occurrences: 1
     ΓÇó npcs\professionals\catalog.json:371
 
 Reference: @items/consumables/medical:bandages
   Occurrences: 1
     ΓÇó npcs\professionals\catalog.json:313
 
 Reference: @items/consumables/potions:health-potion
   Occurrences: 2
     ΓÇó npcs\professionals\catalog.json:242
     ΓÇó npcs\professionals\catalog.json:308
 
 Reference: @items/consumables/potions:mana-potion
   Occurrences: 1
     ΓÇó npcs\professionals\catalog.json:247
 
 Reference: @items/consumables/utilities:rope
   Occurrences: 1
     ΓÇó npcs\merchants\catalog.json:56
 
 Reference: @items/consumables/utilities:torch
   Occurrences: 1
     ΓÇó npcs\merchants\catalog.json:51
 
 Reference: @items/enchanted:*
   Occurrences: 3
     ΓÇó organizations\shops\catalog.json:87
     ΓÇó organizations\shops\catalog.json:271
     ΓÇó organizations\shops\catalog.json:456
 
 Reference: @items/enchantments:*[rarityWeight<=100]
   Occurrences: 4
     ΓÇó items\weapons\names.json:1405
     ΓÇó items\weapons\names.json:1461
     ΓÇó items\weapons\names.json:1479
     ΓÇó items\weapons\names.json:1480
 
 Reference: @items/enchantments:*[rarityWeight<=110]
   Occurrences: 1
     ΓÇó items\armor\names.json:1418
 
 Reference: @items/enchantments:*[rarityWeight<=120]
   Occurrences: 3
     ΓÇó items\consumables\names.json:1268
     ΓÇó items\weapons\names.json:1442
     ΓÇó items\weapons\names.json:1470
 
 Reference: @items/enchantments:*[rarityWeight<=140]
   Occurrences: 2
     ΓÇó items\armor\names.json:1427
     ΓÇó items\armor\names.json:1428
 
 Reference: @items/enchantments:*[rarityWeight<=150]
   Occurrences: 2
     ΓÇó items\weapons\names.json:1451
     ΓÇó items\weapons\names.json:1452
 
 Reference: @items/enchantments:*[rarityWeight<=180]
   Occurrences: 2
     ΓÇó items\armor\names.json:1446
     ΓÇó items\armor\names.json:1447
 
 Reference: @items/enchantments:*[rarityWeight<=200]
   Occurrences: 2
     ΓÇó items\weapons\names.json:1489
     ΓÇó items\weapons\names.json:1490
 
 Reference: @items/enchantments:*[rarityWeight<=50]
   Occurrences: 2
     ΓÇó items\armor\names.json:1356
     ΓÇó items\weapons\names.json:1380
 
 Reference: @items/enchantments:*[rarityWeight<=60]
   Occurrences: 3
     ΓÇó items\armor\names.json:1390
     ΓÇó items\consumables\names.json:1243
     ΓÇó items\weapons\names.json:1414
 
 Reference: @items/enchantments:*[rarityWeight<=65]
   Occurrences: 1
     ΓÇó items\armor\names.json:1399
 
 Reference: @items/enchantments:*[rarityWeight<=70]
   Occurrences: 2
     ΓÇó items\armor\names.json:1365
     ΓÇó items\weapons\names.json:1423
 
 Reference: @items/enchantments:*[rarityWeight<=75]
   Occurrences: 2
     ΓÇó items\armor\names.json:1408
     ΓÇó items\armor\names.json:1409
 
 Reference: @items/enchantments:*[rarityWeight<=80]
   Occurrences: 4
     ΓÇó items\consumables\names.json:1259
     ΓÇó items\weapons\names.json:1389
     ΓÇó items\weapons\names.json:1432
     ΓÇó items\weapons\names.json:1433
 
 Reference: @items/enchantments:*[rarityWeight<=90]
   Occurrences: 1
     ΓÇó items\armor\names.json:1381
 
 Reference: @items/enchantments:*[rarityWeight<=95]
   Occurrences: 1
     ΓÇó items\armor\names.json:1437
 
 Reference: @items/forbidden:*
   Occurrences: 1
     ΓÇó organizations\shops\catalog.json:566
 
 Reference: @items/jewelry:*
   Occurrences: 2
     ΓÇó organizations\shops\catalog.json:441
     ΓÇó organizations\shops\catalog.json:446
 
 Reference: @items/maps:*
   Occurrences: 1
     ΓÇó organizations\shops\catalog.json:392
 
 Reference: @items/maps/common:local-map
   Occurrences: 1
     ΓÇó npcs\professionals\catalog.json:579
 
 Reference: @items/materials:*
   Occurrences: 32
     ΓÇó quests\catalog.json:161
     ΓÇó quests\catalog.json:180
     ΓÇó quests\catalog.json:199
     ΓÇó quests\catalog.json:240
     ΓÇó quests\catalog.json:470
     ... and 27 more occurrences
 
 Reference: @items/materials:blood-lotus
   Occurrences: 1
     ΓÇó world\locations\wilderness\catalog.json:353
 
 Reference: @items/materials:crystals
   Occurrences: 1
     ΓÇó world\locations\wilderness\catalog.json:120
 
 Reference: @items/materials:cursed-artifacts
   Occurrences: 1
     ΓÇó world\locations\wilderness\catalog.json:334
 
 Reference: @items/materials:death-essence
   Occurrences: 1
     ΓÇó world\locations\wilderness\catalog.json:335
 
 Reference: @items/materials:enchanted-wood
   Occurrences: 1
     ΓÇó world\locations\wilderness\catalog.json:158
 
 Reference: @items/materials:fire-gems
   Occurrences: 2
     ΓÇó world\environments\catalog.json:181
     ΓÇó world\locations\wilderness\catalog.json:317
 
 Reference: @items/materials:frozen-herbs
   Occurrences: 2
     ΓÇó world\environments\catalog.json:133
     ΓÇó world\locations\wilderness\catalog.json:202
 
 Reference: @items/materials:gems
   Occurrences: 3
     ΓÇó world\environments\catalog.json:86
     ΓÇó world\locations\wilderness\catalog.json:121
     ΓÇó world\locations\wilderness\catalog.json:183
 
 Reference: @items/materials:ice-shard
   Occurrences: 2
     ΓÇó world\environments\catalog.json:132
     ΓÇó world\locations\wilderness\catalog.json:201
 
 Reference: @items/materials:monster-parts
   Occurrences: 2
     ΓÇó world\environments\catalog.json:157
     ΓÇó world\locations\wilderness\catalog.json:274
 
 Reference: @items/materials:obsidian
   Occurrences: 2
     ΓÇó world\environments\catalog.json:180
     ΓÇó world\locations\wilderness\catalog.json:316
 
 Reference: @items/materials:poison-gland
   Occurrences: 3
     ΓÇó world\environments\catalog.json:108
     ΓÇó world\locations\wilderness\catalog.json:220
     ΓÇó world\locations\wilderness\catalog.json:354
 
 Reference: @items/materials:rare-metals
   Occurrences: 1
     ΓÇó world\locations\wilderness\catalog.json:256
 
 Reference: @items/materials:rare-minerals
   Occurrences: 3
     ΓÇó world\environments\catalog.json:62
     ΓÇó world\locations\wilderness\catalog.json:103
     ΓÇó world\locations\wilderness\catalog.json:293
 
 Reference: @items/materials:rift-shards
   Occurrences: 1
     ΓÇó world\locations\wilderness\catalog.json:292
 
 Reference: @items/materials:sand-glass
   Occurrences: 2
     ΓÇó world\environments\catalog.json:63
     ΓÇó world\locations\wilderness\catalog.json:102
 
 Reference: @items/materials:shells
   Occurrences: 1
     ΓÇó world\locations\wilderness\catalog.json:138
 
 Reference: @items/materials:sky-crystals
   Occurrences: 1
     ΓÇó world\locations\wilderness\catalog.json:255
 
 Reference: @items/materials:water-plants
   Occurrences: 1
     ΓÇó world\locations\wilderness\catalog.json:60
 
 Reference: @items/materials:wood
   Occurrences: 1
     ΓÇó world\environments\catalog.json:24
 
 Reference: @items/materials/metals:* 
   Occurrences: 17
     ΓÇó items\armor\names.json:1324
     ΓÇó items\armor\names.json:1361
     ΓÇó items\armor\names.json:1370
     ΓÇó items\armor\names.json:1377
     ΓÇó items\armor\names.json:1414
     ... and 12 more occurrences
 
 Reference: @items/materials/metals:* for armor
   Occurrences: 1
     ΓÇó items\armor\names.json:25
 
 Reference: @items/materials/metals:* for weapons
   Occurrences: 1
     ΓÇó items\weapons\names.json:26
 
 Reference: @items/materials/metals:*[itemTypeTraits.armor=true&rarityWeight>=100]
   Occurrences: 1
     ΓÇó items\armor\names.json:1444
 
 Reference: @items/materials/metals:*[itemTypeTraits.weapon=true&rarityWeight>=100]
   Occurrences: 1
     ΓÇó items\weapons\names.json:1487
 
 Reference: @items/misc:*
   Occurrences: 1
     ΓÇó organizations\shops\catalog.json:335
 
 Reference: @items/mounts:horse
   Occurrences: 1
     ΓÇó organizations\businesses\catalog.json:466
 
 Reference: @items/mounts:pony
   Occurrences: 1
     ΓÇó organizations\businesses\catalog.json:476
 
 Reference: @items/mounts:warhorse
   Occurrences: 1
     ΓÇó organizations\businesses\catalog.json:471
 
 Reference: @items/poisons:*
   Occurrences: 1
     ΓÇó organizations\shops\catalog.json:571
 
 Reference: @items/potions:*
   Occurrences: 3
     ΓÇó organizations\shops\catalog.json:198
     ΓÇó organizations\shops\catalog.json:203
     ΓÇó organizations\shops\catalog.json:208
 
 Reference: @items/reagents:*
   Occurrences: 1
     ΓÇó organizations\shops\catalog.json:266
 
 Reference: @items/scrolls:*
   Occurrences: 1
     ΓÇó organizations\shops\catalog.json:256
 
 Reference: @items/shields:*
   Occurrences: 1
     ΓÇó organizations\shops\catalog.json:149
 
 Reference: @items/stolen:*
   Occurrences: 1
     ΓÇó organizations\shops\catalog.json:561
 
 Reference: @items/supplies:*
   Occurrences: 5
     ΓÇó organizations\shops\catalog.json:320
     ΓÇó organizations\shops\catalog.json:325
     ΓÇó organizations\shops\catalog.json:330
     ΓÇó organizations\shops\catalog.json:377
     ΓÇó organizations\shops\catalog.json:387
 
 Reference: @items/wands:*
   Occurrences: 1
     ΓÇó organizations\shops\catalog.json:261
 
 Reference: @items/weapons:*
   Occurrences: 27
     ΓÇó quests\catalog.json:259
     ΓÇó organizations\shops\catalog.json:19
     ΓÇó organizations\shops\catalog.json:24
     ΓÇó organizations\shops\catalog.json:29
     ΓÇó organizations\shops\catalog.json:77
     ... and 22 more occurrences
 
 Reference: @items/weapons:ancient
   Occurrences: 1
     ΓÇó world\locations\wilderness\catalog.json:237
 
 Reference: @items/weapons/bows:shortbow
   Occurrences: 1
     ΓÇó npcs\craftsmen\catalog.json:338
 
 Reference: @items/weapons/daggers:iron-dagger
   Occurrences: 1
     ΓÇó npcs\craftsmen\catalog.json:139
 
 Reference: @items/weapons/swords:greatsword
   Occurrences: 1
     ΓÇó npcs\craftsmen\catalog.json:207
 
 Reference: @items/weapons/swords:longsword
   Occurrences: 2
     ΓÇó npcs\craftsmen\catalog.json:130
     ΓÇó npcs\craftsmen\catalog.json:203
 
 Reference: @npcs/artisans:*
   Occurrences: 3
     ΓÇó organizations\businesses\catalog.json:415
     ΓÇó organizations\businesses\catalog.json:702
     ΓÇó organizations\shops\catalog.json:475
 
 Reference: @npcs/clergy:*
   Occurrences: 1
     ΓÇó organizations\businesses\catalog.json:573
 
 Reference: @npcs/common:*
   Occurrences: 3
     ΓÇó quests\catalog.json:304
     ΓÇó quests\objectives.json:156
     ΓÇó organizations\factions\catalog.json:357
 
 Reference: @npcs/commoners:*
   Occurrences: 3
     ΓÇó organizations\businesses\catalog.json:58
     ΓÇó organizations\businesses\catalog.json:280
     ΓÇó organizations\businesses\catalog.json:499
 
 Reference: @npcs/craftsmen:*
   Occurrences: 4
     ΓÇó organizations\factions\catalog.json:59
     ΓÇó organizations\shops\catalog.json:53
     ΓÇó organizations\shops\catalog.json:168
     ΓÇó organizations\shops\catalog.json:532
 
 Reference: @npcs/criminal:*
   Occurrences: 3
     ΓÇó quests\objectives.json:413
     ΓÇó quests\objectives.json:528
     ΓÇó organizations\factions\catalog.json:99
 
 Reference: @npcs/criminals:*
   Occurrences: 2
     ΓÇó organizations\businesses\catalog.json:815
     ΓÇó organizations\shops\catalog.json:590
 
 Reference: @npcs/frontiersmen:*
   Occurrences: 1
     ΓÇó organizations\shops\catalog.json:411
 
 Reference: @npcs/mages:*
   Occurrences: 1
     ΓÇó organizations\shops\catalog.json:290
 
 Reference: @npcs/magical:*
   Occurrences: 2
     ΓÇó quests\catalog.json:342
     ΓÇó organizations\factions\catalog.json:241
 
 Reference: @npcs/masters:*
   Occurrences: 1
     ΓÇó organizations\shops\catalog.json:105
 
 Reference: @npcs/merchant:*
   Occurrences: 3
     ΓÇó quests\objectives.json:155
     ΓÇó quests\objectives.json:270
     ΓÇó quests\objectives.json:529
 
 Reference: @npcs/merchants:*
   Occurrences: 6
     ΓÇó quests\catalog.json:285
     ΓÇó organizations\businesses\catalog.json:132
     ΓÇó organizations\businesses\catalog.json:348
     ΓÇó organizations\businesses\catalog.json:644
     ΓÇó organizations\factions\catalog.json:18
     ... and 1 more occurrences
 
 Reference: @npcs/military:*
   Occurrences: 5
     ΓÇó quests\objectives.json:269
     ΓÇó quests\objectives.json:412
     ΓÇó organizations\factions\catalog.json:137
     ΓÇó organizations\factions\catalog.json:172
     ΓÇó organizations\factions\catalog.json:204
 
 Reference: @npcs/nobility:*
   Occurrences: 2
     ΓÇó organizations\businesses\catalog.json:208
     ΓÇó organizations\businesses\catalog.json:761
 
 Reference: @npcs/noble:*
   Occurrences: 6
     ΓÇó quests\catalog.json:323
     ΓÇó quests\objectives.json:154
     ΓÇó quests\objectives.json:268
     ΓÇó quests\objectives.json:414
     ΓÇó quests\objectives.json:527
     ... and 1 more occurrences
 
 Reference: @npcs/professionals:scholar
   Occurrences: 1
     ΓÇó organizations\factions\catalog.json:280
 
 Reference: @npcs/religious:*
   Occurrences: 2
     ΓÇó quests\catalog.json:361
     ΓÇó organizations\factions\catalog.json:320
 
 Reference: @npcs/scholars:*
   Occurrences: 1
     ΓÇó organizations\shops\catalog.json:232
 
 Reference: @npcs/service:*
   Occurrences: 1
     ΓÇó organizations\factions\catalog.json:358
 
 Reference: @organizations/factions:clergy
   Occurrences: 1
     ΓÇó organizations\businesses\catalog.json:589
 
 Reference: @organizations/factions:commoners
   Occurrences: 1
     ΓÇó world\regions\catalog.json:345
 
 Reference: @organizations/factions:fighters_guild
   Occurrences: 1
     ΓÇó organizations\businesses\catalog.json:775
 
 Reference: @organizations/factions:mages_circle
   Occurrences: 1
     ΓÇó world\regions\catalog.json:158
 
 Reference: @organizations/factions:merchants_guild
   Occurrences: 2
     ΓÇó organizations\businesses\catalog.json:659
     ΓÇó world\regions\catalog.json:197
 
 Reference: @organizations/factions:thieves_guild
   Occurrences: 1
     ΓÇó organizations\businesses\catalog.json:831
 
 Reference: @social/dialogue/greetings:cheerful
   Occurrences: 1
     ΓÇó npcs\craftsmen\catalog.json:372
 
 Reference: @social/dialogue/greetings:desperate
   Occurrences: 1
     ΓÇó npcs\common\catalog.json:361
 
 Reference: @social/dialogue/greetings:gruff-smith
   Occurrences: 1
     ΓÇó npcs\craftsmen\catalog.json:174
 
 Reference: @social/dialogue/greetings:merchant
   Occurrences: 3
     ΓÇó npcs\craftsmen\catalog.json:239
     ΓÇó npcs\craftsmen\catalog.json:305
     ΓÇó npcs\craftsmen\catalog.json:434
 
 Reference: @social/dialogue/greetings:pirate-rough
   Occurrences: 1
     ΓÇó npcs\criminal\catalog.json:230
 
 Reference: @social/dialogue/greetings:playful
   Occurrences: 1
     ΓÇó npcs\common\catalog.json:389
 
 Reference: @social/dialogue/greetings:simple
   Occurrences: 1
     ΓÇó npcs\common\catalog.json:334
 
 Reference: @social/dialogue/styles:cautious
   Occurrences: 6
     ΓÇó npcs\common\catalog.json:134
     ΓÇó npcs\common\catalog.json:167
     ΓÇó npcs\common\catalog.json:233
     ΓÇó npcs\common\catalog.json:359
     ΓÇó npcs\criminal\catalog.json:59
     ... and 1 more occurrences
 
 Reference: @social/dialogue/styles:grumpy
   Occurrences: 3
     ΓÇó npcs\common\catalog.json:85
     ΓÇó npcs\craftsmen\catalog.json:90
     ΓÇó npcs\craftsmen\catalog.json:172
 
 Reference: @social/dialogue/styles:hostile
   Occurrences: 3
     ΓÇó npcs\common\catalog.json:268
     ΓÇó npcs\criminal\catalog.json:228
     ΓÇó npcs\military\catalog.json:146
 
 Reference: @world/locations/dungeons/extreme:ShadowRealm
   Occurrences: 1
     ΓÇó organizations\guilds\catalog.json:378
 
 Reference: @world/locations/towns/cities:DeadwoodGrove
   Occurrences: 1
     ΓÇó world\regions\catalog.json:105
 
 Reference: @world/locations/towns/cities:GoldenSpire
   Occurrences: 1
     ΓÇó world\regions\catalog.json:17
 
 Reference: @world/locations/towns/towns:FrostPeak
   Occurrences: 1
     ΓÇó world\regions\catalog.json:60
 
 Reference: @world/locations/towns/towns:Silverport
   Occurrences: 2
     ΓÇó organizations\guilds\catalog.json:162
     ΓÇó world\regions\catalog.json:22
 
 Reference: @world/locations/towns/towns:Stormhaven
   Occurrences: 3
     ΓÇó organizations\guilds\catalog.json:16
     ΓÇó world\regions\catalog.json:362
     ΓÇó world\regions\catalog.json:367
 
 Reference: @world/locations/towns/towns:TheNexus
   Occurrences: 3
     ΓÇó organizations\guilds\catalog.json:90
     ΓÇó world\regions\catalog.json:250
     ΓÇó world\regions\catalog.json:255
 



Test Run Failed.
Total tests: 1
     Failed: 1
 Total time: 1.8993 Seconds
